Component: ARM Compiler 5.06 update 5 (build 528) Tool: armlink [4d35e2]

==============================================================================

Section Cross References

    startup_stm32f10x_md.o(STACK) refers (Special) to heapauxi.o(.text) for __use_two_region_memory
    startup_stm32f10x_md.o(HEAP) refers (Special) to heapauxi.o(.text) for __use_two_region_memory
    startup_stm32f10x_md.o(RESET) refers (Special) to heapauxi.o(.text) for __use_two_region_memory
    startup_stm32f10x_md.o(RESET) refers to startup_stm32f10x_md.o(STACK) for __initial_sp
    startup_stm32f10x_md.o(RESET) refers to startup_stm32f10x_md.o(.text) for Reset_Handler
    startup_stm32f10x_md.o(RESET) refers to stm32f10x_it.o(i.NMI_Handler) for NMI_Handler
    startup_stm32f10x_md.o(RESET) refers to stm32f10x_it.o(i.HardFault_Handler) for HardFault_Handler
    startup_stm32f10x_md.o(RESET) refers to stm32f10x_it.o(i.MemManage_Handler) for MemManage_Handler
    startup_stm32f10x_md.o(RESET) refers to stm32f10x_it.o(i.BusFault_Handler) for BusFault_Handler
    startup_stm32f10x_md.o(RESET) refers to stm32f10x_it.o(i.UsageFault_Handler) for UsageFault_Handler
    startup_stm32f10x_md.o(RESET) refers to stm32f10x_it.o(i.SVC_Handler) for SVC_Handler
    startup_stm32f10x_md.o(RESET) refers to stm32f10x_it.o(i.DebugMon_Handler) for DebugMon_Handler
    startup_stm32f10x_md.o(RESET) refers to stm32f10x_it.o(i.PendSV_Handler) for PendSV_Handler
    startup_stm32f10x_md.o(RESET) refers to stm32f10x_it.o(i.SysTick_Handler) for SysTick_Handler
    startup_stm32f10x_md.o(RESET) refers to timer.o(i.TIM1_UP_IRQHandler) for TIM1_UP_IRQHandler
    startup_stm32f10x_md.o(RESET) refers to timer.o(i.TIM3_IRQHandler) for TIM3_IRQHandler
    startup_stm32f10x_md.o(RESET) refers to bluetooth.o(i.USART1_IRQHandler) for USART1_IRQHandler
    startup_stm32f10x_md.o(.text) refers (Special) to heapauxi.o(.text) for __use_two_region_memory
    startup_stm32f10x_md.o(.text) refers to system_stm32f10x.o(i.SystemInit) for SystemInit
    startup_stm32f10x_md.o(.text) refers to __main.o(!!!main) for __main
    startup_stm32f10x_md.o(.text) refers to startup_stm32f10x_md.o(HEAP) for Heap_Mem
    startup_stm32f10x_md.o(.text) refers to startup_stm32f10x_md.o(STACK) for Stack_Mem
    system_stm32f10x.o(i.SetSysClock) refers to system_stm32f10x.o(i.SetSysClockTo72) for SetSysClockTo72
    system_stm32f10x.o(i.SystemCoreClockUpdate) refers to system_stm32f10x.o(.data) for SystemCoreClock
    system_stm32f10x.o(i.SystemInit) refers to system_stm32f10x.o(i.SetSysClock) for SetSysClock
    stm32f10x_adc.o(i.ADC_DeInit) refers to stm32f10x_rcc.o(i.RCC_APB2PeriphResetCmd) for RCC_APB2PeriphResetCmd
    stm32f10x_bkp.o(i.BKP_DeInit) refers to stm32f10x_rcc.o(i.RCC_BackupResetCmd) for RCC_BackupResetCmd
    stm32f10x_can.o(i.CAN_DeInit) refers to stm32f10x_rcc.o(i.RCC_APB1PeriphResetCmd) for RCC_APB1PeriphResetCmd
    stm32f10x_can.o(i.CAN_GetITStatus) refers to stm32f10x_can.o(i.CheckITStatus) for CheckITStatus
    stm32f10x_cec.o(i.CEC_DeInit) refers to stm32f10x_rcc.o(i.RCC_APB1PeriphResetCmd) for RCC_APB1PeriphResetCmd
    stm32f10x_dac.o(i.DAC_DeInit) refers to stm32f10x_rcc.o(i.RCC_APB1PeriphResetCmd) for RCC_APB1PeriphResetCmd
    stm32f10x_flash.o(i.FLASH_EnableWriteProtection) refers to stm32f10x_flash.o(i.FLASH_WaitForLastOperation) for FLASH_WaitForLastOperation
    stm32f10x_flash.o(i.FLASH_EraseAllBank1Pages) refers to stm32f10x_flash.o(i.FLASH_WaitForLastBank1Operation) for FLASH_WaitForLastBank1Operation
    stm32f10x_flash.o(i.FLASH_EraseAllPages) refers to stm32f10x_flash.o(i.FLASH_WaitForLastOperation) for FLASH_WaitForLastOperation
    stm32f10x_flash.o(i.FLASH_EraseOptionBytes) refers to stm32f10x_flash.o(i.FLASH_GetReadOutProtectionStatus) for FLASH_GetReadOutProtectionStatus
    stm32f10x_flash.o(i.FLASH_EraseOptionBytes) refers to stm32f10x_flash.o(i.FLASH_WaitForLastOperation) for FLASH_WaitForLastOperation
    stm32f10x_flash.o(i.FLASH_ErasePage) refers to stm32f10x_flash.o(i.FLASH_WaitForLastOperation) for FLASH_WaitForLastOperation
    stm32f10x_flash.o(i.FLASH_ProgramHalfWord) refers to stm32f10x_flash.o(i.FLASH_WaitForLastOperation) for FLASH_WaitForLastOperation
    stm32f10x_flash.o(i.FLASH_ProgramOptionByteData) refers to stm32f10x_flash.o(i.FLASH_WaitForLastOperation) for FLASH_WaitForLastOperation
    stm32f10x_flash.o(i.FLASH_ProgramWord) refers to stm32f10x_flash.o(i.FLASH_WaitForLastOperation) for FLASH_WaitForLastOperation
    stm32f10x_flash.o(i.FLASH_ReadOutProtection) refers to stm32f10x_flash.o(i.FLASH_WaitForLastOperation) for FLASH_WaitForLastOperation
    stm32f10x_flash.o(i.FLASH_UserOptionByteConfig) refers to stm32f10x_flash.o(i.FLASH_WaitForLastOperation) for FLASH_WaitForLastOperation
    stm32f10x_flash.o(i.FLASH_WaitForLastBank1Operation) refers to stm32f10x_flash.o(i.FLASH_GetBank1Status) for FLASH_GetBank1Status
[...]
    ../clib/printf.c                         0x00000000   Number         0  _printf_intcommon.o ABSOLUTE
    ../clib/printf.c                         0x00000000   Number         0  _printf_hex_int.o ABSOLUTE
    ../clib/printf.c                         0x00000000   Number         0  _printf_hex_int_ll.o ABSOLUTE
    ../clib/printf.c                         0x00000000   Number         0  _printf_hex_ptr.o ABSOLUTE
    ../clib/printf.c                         0x00000000   Number         0  _printf_wchar.o ABSOLUTE
    ../clib/printf.c                         0x00000000   Number         0  _printf_char.o ABSOLUTE
    ../clib/printf.c                         0x00000000   Number         0  _printf_fp_hex.o ABSOLUTE
    ../clib/printf.c                         0x00000000   Number         0  _printf_hex_ll_ptr.o ABSOLUTE
    ../clib/printf.c                         0x00000000   Number         0  _printf_fp_dec.o ABSOLUTE
    ../clib/printf.c                         0x00000000   Number         0  _printf_hex_int_ptr.o ABSOLUTE
    ../clib/printf.c                         0x00000000   Number         0  _printf_hex_ll.o ABSOLUTE
    ../clib/printf.c                         0x00000000   Number         0  __printf_nopercent.o ABSOLUTE
    ../clib/printf.c                         0x00000000   Number         0  _printf_hex_int_ll_ptr.o ABSOLUTE
    ../clib/printf.c                         0x00000000   Number         0  __printf_flags.o ABSOLUTE
    ../clib/printf.c                         0x00000000   Number         0  __printf_ss.o ABSOLUTE
    ../clib/printf.c                         0x00000000   Number         0  __printf_flags_wp.o ABSOLUTE
    ../clib/printf.c                         0x00000000   Number         0  _printf_fp_infnan.o ABSOLUTE
    ../clib/printf.c                         0x00000000   Number         0  vsprintf.o ABSOLUTE
    ../clib/printf.c                         0x00000000   Number         0  __printf_ss_wp.o ABSOLUTE
    ../clib/printf.c                         0x00000000   Number         0  __printf_flags_ss_wp.o ABSOLUTE
    ../clib/printf.c                         0x00000000   Number         0  __printf_flags_ss.o ABSOLUTE
    ../clib/printf_percent.s                 0x00000000   Number         0  _printf_percent.o ABSOLUTE
    ../clib/printf_percent.s                 0x00000000   Number         0  _printf_llx.o ABSOLUTE
    ../clib/printf_percent.s                 0x00000000   Number         0  _printf_llo.o ABSOLUTE
    ../clib/printf_percent.s                 0x00000000   Number         0  _printf_ls.o ABSOLUTE
    ../clib/printf_percent.s                 0x00000000   Number         0  _printf_lc.o ABSOLUTE
    ../clib/printf_percent.s                 0x00000000   Number         0  _printf_l.o ABSOLUTE
    ../clib/printf_percent.s                 0x00000000   Number         0  _printf_ll.o ABSOLUTE
    ../clib/printf_percent.s                 0x00000000   Number         0  _printf_llu.o ABSOLUTE
    ../clib/printf_percent.s                 0x00000000   Number         0  _printf_lld.o ABSOLUTE
    ../clib/printf_percent.s                 0x00000000   Number         0  _printf_lli.o ABSOLUTE
    ../clib/printf_percent.s                 0x00000000   Number         0  _printf_a.o ABSOLUTE
    ../clib/printf_percent.s                 0x00000000   Number         0  _printf_g.o ABSOLUTE
    ../clib/printf_percent.s                 0x00000000   Number         0  _printf_e.o ABSOLUTE
    ../clib/printf_percent.s                 0x00000000   Number         0  _printf_f.o ABSOLUTE
    ../clib/printf_percent.s                 0x00000000   Number         0  _printf_u.o ABSOLUTE
    ../clib/printf_percent.s                 0x00000000   Number         0  _printf_d.o ABSOLUTE
    ../clib/printf_percent.s                 0x00000000   Number         0  _printf_i.o ABSOLUTE
    ../clib/printf_percent.s                 0x00000000   Number         0  _printf_p.o ABSOLUTE
    ../clib/printf_percent.s                 0x00000000   Number         0  _printf_x.o ABSOLUTE
    ../clib/printf_percent.s                 0x00000000   Number         0  _printf_n.o ABSOLUTE
    ../clib/printf_percent.s                 0x00000000   Number         0  _printf_s.o ABSOLUTE
    ../clib/printf_percent.s                 0x00000000   Number         0  _printf_c.o ABSOLUTE
    ../clib/printf_percent.s                 0x00000000   Number         0  _printf_o.o ABSOLUTE
    ../clib/printf_percent.s                 0x00000000   Number         0  _printf_percent_end.o ABSOLUTE
    ../clib/signal.c                         0x00000000   Number         0  defsig_fpe_formal.o ABSOLUTE
    ../clib/signal.c                         0x00000000   Number         0  defsig_rtred_inner.o ABSOLUTE
    ../clib/signal.c                         0x00000000   Number         0  defsig_abrt_inner.o ABSOLUTE
    ../clib/signal.c                         0x00000000   Number         0  defsig_other.o ABSOLUTE
    ../clib/signal.c                         0x00000000   Number         0  defsig_segv_inner.o ABSOLUTE
    ../clib/signal.c                         0x00000000   Number         0  defsig_cppl_inner.o ABSOLUTE
    ../clib/signal.c                         0x00000000   Number         0  defsig_pvfn_inner.o ABSOLUTE
    ../clib/signal.c                         0x00000000   Number         0  defsig_rtmem_outer.o ABSOLUTE
    ../clib/signal.c                         0x00000000   Number         0  defsig_fpe_inner.o ABSOLUTE
    ../clib/signal.c                         0x00000000   Number         0  defsig_rtmem_inner.o ABSOLUTE
    ../clib/signal.c                         0x00000000   Number         0  defsig_fpe_outer.o ABSOLUTE
    ../clib/signal.c                         0x00000000   Number         0  defsig_exit.o ABSOLUTE
    ../clib/signal.c                         0x00000000   Number         0  defsig_general.o ABSOLUTE
    ../clib/signal.c                         0x00000000   Number         0  __raise.o ABSOLUTE
    ../clib/signal.c                         0x00000000   Number         0  defsig_stak_inner.o ABSOLUTE
    ../clib/signal.c                         0x00000000   Number         0  defsig_rtmem_formal.o ABSOLUTE
    ../clib/signal.s                         0x00000000   Number         0  defsig.o ABSOLUTE
    ../clib/stdlib.c                         0x00000000   Number         0  exit.o ABSOLUTE
    ../fplib/faddsub.s                       0x00000000   Number         0  faddsub_clz.o ABSOLUTE
    ../fplib/fcmpi.s                         0x00000000   Number         0  fcmpi.o ABSOLUTE
    ../fplib/fdiv.s                          0x00000000   Number         0  fdiv.o ABSOLUTE
    ../fplib/ffix.s                          0x00000000   Number         0  ffix.o ABSOLUTE
    ../fplib/ffixu.s                         0x00000000   Number         0  ffixu.o ABSOLUTE
    ../fplib/fflt.s                          0x00000000   Number         0  fflt_clz.o ABSOLUTE
    ../fplib/fleqf.s                         0x00000000   Number         0  fleqf.o ABSOLUTE
    ../fplib/fmul.s                          0x00000000   Number         0  fmul.o ABSOLUTE
    ../fplib/fnaninf.s                       0x00000000   Number         0  fnaninf.o ABSOLUTE
    ../fplib/fpinit.s                        0x00000000   Number         0  fpinit.o ABSOLUTE
    ../fplib/fretinf.s                       0x00000000   Number         0  fretinf.o ABSOLUTE
    ../fplib/frleqf.s                        0x00000000   Number         0  frleqf.o ABSOLUTE
    ../fplib/istatus.s                       0x00000000   Number         0  istatus.o ABSOLUTE
    ../fplib/printf1.s                       0x00000000   Number         0  printf1.o ABSOLUTE
    ../fplib/printf2.s                       0x00000000   Number         0  printf2.o ABSOLUTE
    ../fplib/printf2a.s                      0x00000000   Number         0  printf2a.o ABSOLUTE
    ../fplib/printf2b.s                      0x00000000   Number         0  printf2b.o ABSOLUTE
    ../fplib/usenofp.s                       0x00000000   Number         0  usenofp.o ABSOLUTE
    ../mathlib/fpclassify.c                  0x00000000   Number         0  fpclassify.o ABSOLUTE
    Hardware\Bluetooth.c                     0x00000000   Number         0  bluetooth.o ABSOLUTE
    Hardware\Buzzer.c                        0x00000000   Number         0  buzzer.o ABSOLUTE
    Hardware\Encoder.c                       0x00000000   Number         0  encoder.o ABSOLUTE
    Hardware\IrDA.c                          0x00000000   Number         0  irda.o ABSOLUTE
    Hardware\Key.c                           0x00000000   Number         0  key.o ABSOLUTE
    Hardware\Motor.c                         0x00000000   Number         0  motor.o ABSOLUTE
    Hardware\OLED.c                          0x00000000   Number         0  oled.o ABSOLUTE
    Hardware\PWM.c                           0x00000000   Number         0  pwm.o ABSOLUTE
    Hardware\RGB.c                           0x00000000   Number         0  rgb.o ABSOLUTE
    Hardware\Servo.c                         0x00000000   Number         0  servo.o ABSOLUTE
    Hardware\Track.c                         0x00000000   Number         0  track.o ABSOLUTE
    Hardware\Ultrasound.c                    0x00000000   Number         0  ultrasound.o ABSOLUTE
    Library\misc.c                           0x00000000   Number         0  misc.o ABSOLUTE
    Library\stm32f10x_adc.c                  0x00000000   Number         0  stm32f10x_adc.o ABSOLUTE
    Library\stm32f10x_bkp.c                  0x00000000   Number         0  stm32f10x_bkp.o ABSOLUTE
    Library\stm32f10x_can.c                  0x00000000   Number         0  stm32f10x_can.o ABSOLUTE
    Library\stm32f10x_cec.c                  0x00000000   Number         0  stm32f10x_cec.o ABSOLUTE
    Library\stm32f10x_crc.c                  0x00000000   Number         0  stm32f10x_crc.o ABSOLUTE
    Library\stm32f10x_dac.c                  0x00000000   Number         0  stm32f10x_dac.o ABSOLUTE
    Library\stm32f10x_dbgmcu.c               0x00000000   Number         0  stm32f10x_dbgmcu.o ABSOLUTE
    Library\stm32f10x_dma.c                  0x00000000   Number         0  stm32f10x_dma.o ABSOLUTE
    Library\stm32f10x_exti.c                 0x00000000   Number         0  stm32f10x_exti.o ABSOLUTE
    Library\stm32f10x_flash.c                0x00000000   Number         0  stm32f10x_flash.o ABSOLUTE
    Library\stm32f10x_fsmc.c                 0x00000000   Number         0  stm32f10x_fsmc.o ABSOLUTE
    Library\stm32f10x_gpio.c                 0x00000000   Number         0  stm32f10x_gpio.o ABSOLUTE
    Library\stm32f10x_i2c.c                  0x00000000   Number         0  stm32f10x_i2c.o ABSOLUTE
    Library\stm32f10x_iwdg.c                 0x00000000   Number         0  stm32f10x_iwdg.o ABSOLUTE
    Library\stm32f10x_pwr.c                  0x00000000   Number         0  stm32f10x_pwr.o ABSOLUTE
    Library\stm32f10x_rcc.c                  0x00000000   Number         0  stm32f10x_rcc.o ABSOLUTE
    Library\stm32f10x_rtc.c                  0x00000000   Number         0  stm32f10x_rtc.o ABSOLUTE
    Library\stm32f10x_sdio.c                 0x00000000   Number         0  stm32f10x_sdio.o ABSOLUTE
    Library\stm32f10x_spi.c                  0x00000000   Number         0  stm32f10x_spi.o ABSOLUTE
    Library\stm32f10x_tim.c                  0x00000000   Number         0  stm32f10x_tim.o ABSOLUTE
    Library\stm32f10x_usart.c                0x00000000   Number         0  stm32f10x_usart.o ABSOLUTE
    Library\stm32f10x_wwdg.c                 0x00000000   Number         0  stm32f10x_wwdg.o ABSOLUTE
    Start\\core_cm3.c                        0x00000000   Number         0  core_cm3.o ABSOLUTE
    Start\core_cm3.c                         0x00000000   Number         0  core_cm3.o ABSOLUTE
    Start\startup_stm32f10x_md.s             0x00000000   Number         0  startup_stm32f10x_md.o ABSOLUTE
    Start\system_stm32f10x.c                 0x00000000   Number         0  system_stm32f10x.o ABSOLUTE
    System\Delay.c                           0x00000000   Number         0  delay.o ABSOLUTE
    System\Timer.c                           0x00000000   Number         0  timer.o ABSOLUTE
    User\main.c                              0x00000000   Number         0  main.o ABSOLUTE
    User\stm32f10x_it.c                      0x00000000   Number         0  stm32f10x_it.o ABSOLUTE
    dc.s                                     0x00000000   Number         0  dc.o ABSOLUTE
    RESET                                    0x08000000   Section      236  startup_stm32f10x_md.o(RESET)
    !!!main                                  0x080000ec   Section        8  __main.o(!!!main)
    !!!scatter                               0x080000f4   Section       52  __scatter.o(!!!scatter)
    !!handler_copy                           0x08000128   Section       26  __scatter_copy.o(!!handler_copy)
    !!handler_zi                             0x08000144   Section       28  __scatter_zi.o(!!handler_zi)
    .ARM.Collect$$libinit$$00000000          0x08000160   Section        2  libinit.o(.ARM.Collect$$libinit$$00000000)
    .ARM.Collect$$libinit$$00000002          0x08000162   Section        0  libinit2.o(.ARM.Collect$$libinit$$00000002)
    .ARM.Collect$$libinit$$00000004          0x08000162   Section        0  libinit2.o(.ARM.Collect$$libinit$$00000004)
    .ARM.Collect$$libinit$$0000000A          0x08000162   Section        0  libinit2.o(.ARM.Collect$$libinit$$0000000A)
    .ARM.Collect$$libinit$$0000000C          0x08000162   Section        0  libinit2.o(.ARM.Collect$$libinit$$0000000C)
    .ARM.Collect$$libinit$$0000000E          0x08000162   Section        0  libinit2.o(.ARM.Collect$$libinit$$0000000E)
    .ARM.Collect$$libinit$$00000011          0x08000162   Section        0  libinit2.o(.ARM.Collect$$libinit$$00000011)
    .ARM.Collect$$libinit$$00000013          0x08000162   Section        0  libinit2.o(.ARM.Collect$$libinit$$00000013)
    .ARM.Collect$$libinit$$00000015          0x08000162   Section        0  libinit2.o(.ARM.Collect$$libinit$$00000015)
    .ARM.Collect$$libinit$$00000017          0x08000162   Section        0  libinit2.o(.ARM.Collect$$libinit$$00000017)
    .ARM.Collect$$libinit$$00000019          0x08000162   Section        0  libinit2.o(.ARM.Collect$$libinit$$00000019)
    .ARM.Collect$$libinit$$0000001B          0x08000162   Section        0  libinit2.o(.ARM.Collect$$libinit$$0000001B)
    .ARM.Collect$$libinit$$0000001D          0x08000162   Section        0  libinit2.o(.ARM.Collect$$libinit$$0000001D)
    .ARM.Collect$$libinit$$0000001F          0x08000162   Section        0  libinit2.o(.ARM.Collect$$libinit$$0000001F)
    .ARM.Collect$$libinit$$00000021          0x08000162   Section        0  libinit2.o(.ARM.Collect$$libinit$$00000021)
    .ARM.Collect$$libinit$$00000023          0x08000162   Section        0  libinit2.o(.ARM.Collect$$libinit$$00000023)
    .ARM.Collect$$libinit$$00000025          0x08000162   Section        0  libinit2.o(.ARM.Collect$$libinit$$00000025)
    .ARM.Collect$$libinit$$0000002C          0x08000162   Section        0  libinit2.o(.ARM.Collect$$libinit$$0000002C)
    .ARM.Collect$$libinit$$0000002E          0x08000162   Section        0  libinit2.o(.ARM.Collect$$libinit$$0000002E)
    .ARM.Collect$$libinit$$00000030          0x08000162   Section        0  libinit2.o(.ARM.Collect$$libinit$$00000030)
    .ARM.Collect$$libinit$$00000032          0x08000162   Section        0  libinit2.o(.ARM.Collect$$libinit$$00000032)
    .ARM.Collect$$libinit$$00000033          0x08000162   Section        2  libinit2.o(.ARM.Collect$$libinit$$00000033)
    .ARM.Collect$$libshutdown$$00000000      0x08000164   Section        2  libshutdown.o(.ARM.Collect$$libshutdown$$00000000)
    .ARM.Collect$$libshutdown$$00000002      0x08000166   Section        0  libshutdown2.o(.ARM.Collect$$libshutdown$$00000002)
    .ARM.Collect$$libshutdown$$00000004      0x08000166   Section        0  libshutdown2.o(.ARM.Collect$$libshutdown$$00000004)
    .ARM.Collect$$libshutdown$$00000007      0x08000166   Section        0  libshutdown2.o(.ARM.Collect$$libshutdown$$00000007)
    .ARM.Collect$$libshutdown$$0000000A      0x08000166   Section        0  libshutdown2.o(.ARM.Collect$$libshutdown$$0000000A)
    .ARM.Collect$$libshutdown$$0000000C      0x08000166   Section        0  libshutdown2.o(.ARM.Collect$$libshutdown$$0000000C)
    .ARM.Collect$$libshutdown$$0000000F      0x08000166   Section        0  libshutdown2.o(.ARM.Collect$$libshutdown$$0000000F)
    .ARM.Collect$$libshutdown$$00000010      0x08000166   Section        2  libshutdown2.o(.ARM.Collect$$libshutdown$$00000010)
    .ARM.Collect$$rtentry$$00000000          0x08000168   Section        0  __rtentry.o(.ARM.Collect$$rtentry$$00000000)
    .ARM.Collect$$rtentry$$00000002          0x08000168   Section        0  __rtentry2.o(.ARM.Collect$$rtentry$$00000002)
    .ARM.Collect$$rtentry$$00000004          0x08000168   Section        6  __rtentry4.o(.ARM.Collect$$rtentry$$00000004)
    .ARM.Collect$$rtentry$$00000009          0x0800016e   Section        0  __rtentry2.o(.ARM.Collect$$rtentry$$00000009)
    .ARM.Collect$$rtentry$$0000000A          0x0800016e   Section        4  __rtentry2.o(.ARM.Collect$$rtentry$$0000000A)
    .ARM.Collect$$rtentry$$0000000C          0x08000172   Section        0  __rtentry2.o(.ARM.Collect$$rtentry$$0000000C)
    .ARM.Collect$$rtentry$$0000000D          0x08000172   Section        8  __rtentry2.o(.ARM.Collect$$rtentry$$0000000D)
    .ARM.Collect$$rtexit$$00000000           0x0800017a   Section        2  rtexit.o(.ARM.Collect$$rtexit$$00000000)
    .ARM.Collect$$rtexit$$00000002           0x0800017c   Section        0  rtexit2.o(.ARM.Collect$$rtexit$$00000002)
    .ARM.Collect$$rtexit$$00000003           0x0800017c   Section        4  rtexit2.o(.ARM.Collect$$rtexit$$00000003)
    .ARM.Collect$$rtexit$$00000004           0x08000180   Section        6  rtexit2.o(.ARM.Collect$$rtexit$$00000004)
    .text                                    0x08000188   Section       64  startup_stm32f10x_md.o(.text)
    .text                                    0x080001c8   Section      238  lludivv7m.o(.text)
    .text                                    0x080002b6   Section        0  heapauxi.o(.text)
    .text                                    0x080002bc   Section       74  sys_stackheap_outer.o(.text)
    .text                                    0x08000306   Section        0  exit.o(.text)
    .text                                    0x08000318   Section        8  libspace.o(.text)
    .text                                    0x08000320   Section        0  sys_exit.o(.text)
    .text                                    0x0800032c   Section        2  use_no_semi.o(.text)
    .text                                    0x0800032e   Section        0  indicate_semi.o(.text)
    i.B_OFF                                  0x08000330   Section        0  rgb.o(i.B_OFF)
    i.B_ON                                   0x08000340   Section        0  rgb.o(i.B_ON)
    i.Bluetooth_GetRxFlag                    0x08000350   Section        0  bluetooth.o(i.Bluetooth_GetRxFlag)
    i.Bluetooth_Init                         0x0800036c   Section        0  bluetooth.o(i.Bluetooth_Init)
    i.Bluetooth_Pow                          0x08000424   Section        0  bluetooth.o(i.Bluetooth_Pow)
    i.Bluetooth_ReadRxData                   0x08000438   Section        0  bluetooth.o(i.Bluetooth_ReadRxData)
    i.Bluetooth_SendByte                     0x08000444   Section        0  bluetooth.o(i.Bluetooth_SendByte)
    i.Bluetooth_SendNumber                   0x08000464   Section        0  bluetooth.o(i.Bluetooth_SendNumber)
    i.Bluetooth_SendString                   0x0800049e   Section        0  bluetooth.o(i.Bluetooth_SendString)
    i.BusFault_Handler                       0x080004b8   Section        0  stm32f10x_it.o(i.BusFault_Handler)
    i.Buzzer_Init                            0x080004bc   Section        0  buzzer.o(i.Buzzer_Init)
    i.Buzzer_Level1                          0x080004fc   Section        0  buzzer.o(i.Buzzer_Level1)
    i.Buzzer_Level2                          0x08000524   Section        0  buzzer.o(i.Buzzer_Level2)
    i.DebugMon_Handler                       0x08000550   Section        0  stm32f10x_it.o(i.DebugMon_Handler)
    i.Delay_ms                               0x08000552   Section        0  delay.o(i.Delay_ms)
    i.Delay_us                               0x0800056a   Section        0  delay.o(i.Delay_us)
    i.Encoder_Get                            0x08000598   Section        0  encoder.o(i.Encoder_Get)
    i.Encoder_Init                           0x080005b4   Section        0  encoder.o(i.Encoder_Init)
    i.GPIO_Init                              0x08000654   Section        0  stm32f10x_gpio.o(i.GPIO_Init)
    i.GPIO_PinRemapConfig                    0x0800076c   Section        0  stm32f10x_gpio.o(i.GPIO_PinRemapConfig)
    i.GPIO_ReadInputDataBit                  0x080007fc   Section        0  stm32f10x_gpio.o(i.GPIO_ReadInputDataBit)
    i.GPIO_ResetBits                         0x0800080e   Section        0  stm32f10x_gpio.o(i.GPIO_ResetBits)
    i.GPIO_SetBits                           0x08000812   Section        0  stm32f10x_gpio.o(i.GPIO_SetBits)
    i.GPIO_WriteBit                          0x08000816   Section        0  stm32f10x_gpio.o(i.GPIO_WriteBit)
    i.G_OFF                                  0x08000820   Section        0  rgb.o(i.G_OFF)
    i.G_ON                                   0x08000834   Section        0  rgb.o(i.G_ON)
    i.HardFault_Handler                      0x08000848   Section        0  stm32f10x_it.o(i.HardFault_Handler)
    i.IrDA_Init                              0x0800084c   Section        0  irda.o(i.IrDA_Init)
    i.IrDA_L_Getvalue                        0x08000884   Section        0  irda.o(i.IrDA_L_Getvalue)
    i.IrDA_R_Getvalue                        0x080008a8   Section        0  irda.o(i.IrDA_R_Getvalue)
    i.Key_GetNum                             0x080008cc   Section        0  key.o(i.Key_GetNum)
    i.Key_Init                               0x0800095c   Section        0  key.o(i.Key_Init)
    i.MemManage_Handler                      0x080009b0   Section        0  stm32f10x_it.o(i.MemManage_Handler)
    i.Motor_Init                             0x080009b4   Section        0  motor.o(i.Motor_Init)
    i.Motor_SetSpeed                         0x080009e0   Section        0  motor.o(i.Motor_SetSpeed)
    i.NMI_Handler                            0x08000a20   Section        0  stm32f10x_it.o(i.NMI_Handler)
    i.NVIC_Init                              0x08000a24   Section        0  misc.o(i.NVIC_Init)
    i.NVIC_PriorityGroupConfig               0x08000a94   Section        0  misc.o(i.NVIC_PriorityGroupConfig)
    i.Numlen                                 0x08000aa8   Section        0  main.o(i.Numlen)
    i.OLED_Clear                             0x08000ade   Section        0  oled.o(i.OLED_Clear)
    i.OLED_Clear_Part                        0x08000b08   Section        0  oled.o(i.OLED_Clear_Part)
    i.OLED_I2C_Init                          0x08000b6c   Section        0  oled.o(i.OLED_I2C_Init)
    i.OLED_I2C_SendByte                      0x08000bbc   Section        0  oled.o(i.OLED_I2C_SendByte)
    i.OLED_I2C_Start                         0x08000c10   Section        0  oled.o(i.OLED_I2C_Start)
    i.OLED_I2C_Stop                          0x08000c44   Section        0  oled.o(i.OLED_I2C_Stop)
    i.OLED_Init                              0x08000c6c   Section        0  oled.o(i.OLED_Init)
    i.OLED_Pow                               0x08000d1a   Section        0  oled.o(i.OLED_Pow)
    i.OLED_SetCursor                         0x08000d2e   Section        0  oled.o(i.OLED_SetCursor)
    i.OLED_ShowChar                          0x08000d50   Section        0  oled.o(i.OLED_ShowChar)
    i.OLED_ShowNum                           0x08000dc4   Section        0  oled.o(i.OLED_ShowNum)
    i.OLED_ShowString                        0x08000e08   Section        0  oled.o(i.OLED_ShowString)
    i.OLED_WriteCommand                      0x08000e30   Section        0  oled.o(i.OLED_WriteCommand)
    i.OLED_WriteData                         0x08000e50   Section        0  oled.o(i.OLED_WriteData)
    i.PWM1_Init                              0x08000e70   Section        0  pwm.o(i.PWM1_Init)
    i.PWM2_Init                              0x08000f18   Section        0  pwm.o(i.PWM2_Init)
    i.PWM_SetCompare_M                       0x08000fac   Section        0  pwm.o(i.PWM_SetCompare_M)
    i.PWM_SetCompare_S                       0x08000fc0   Section        0  pwm.o(i.PWM_SetCompare_S)
    i.PendSV_Handler                         0x08000fd0   Section        0  stm32f10x_it.o(i.PendSV_Handler)
    i.RCC_APB1PeriphClockCmd                 0x08000fd4   Section        0  stm32f10x_rcc.o(i.RCC_APB1PeriphClockCmd)
    i.RCC_APB2PeriphClockCmd                 0x08000ff4   Section        0  stm32f10x_rcc.o(i.RCC_APB2PeriphClockCmd)
    i.RCC_GetClocksFreq                      0x08001014   Section        0  stm32f10x_rcc.o(i.RCC_GetClocksFreq)
    i.RGB_Init                               0x080010e8   Section        0  rgb.o(i.RGB_Init)
    i.R_OFF                                  0x0800114c   Section        0  rgb.o(i.R_OFF)
    i.R_ON                                   0x08001160   Section        0  rgb.o(i.R_ON)
    i.SVC_Handler                            0x08001174   Section        0  stm32f10x_it.o(i.SVC_Handler)
    i.Servo_Init                             0x08001176   Section        0  servo.o(i.Servo_Init)
    i.Servo_SetAngle                         0x08001180   Section        0  servo.o(i.Servo_SetAngle)
    i.SetSysClock                            0x080011bc   Section        0  system_stm32f10x.o(i.SetSysClock)
    SetSysClock                              0x080011bd   Thumb Code     8  system_stm32f10x.o(i.SetSysClock)
    i.SetSysClockTo72                        0x080011c4   Section        0  system_stm32f10x.o(i.SetSysClockTo72)
    SetSysClockTo72                          0x080011c5   Thumb Code   214  system_stm32f10x.o(i.SetSysClockTo72)
    i.SysTick_Handler                        0x080012a4   Section        0  stm32f10x_it.o(i.SysTick_Handler)
    i.SystemInit                             0x080012a8   Section        0  system_stm32f10x.o(i.SystemInit)
    i.TI1_Config                             0x08001308   Section        0  stm32f10x_tim.o(i.TI1_Config)
    TI1_Config                               0x08001309   Thumb Code   108  stm32f10x_tim.o(i.TI1_Config)
    i.TI2_Config                             0x08001388   Section        0  stm32f10x_tim.o(i.TI2_Config)
    TI2_Config                               0x08001389   Thumb Code   130  stm32f10x_tim.o(i.TI2_Config)
    i.TI3_Config                             0x08001420   Section        0  stm32f10x_tim.o(i.TI3_Config)
    TI3_Config                               0x08001421   Thumb Code   122  stm32f10x_tim.o(i.TI3_Config)
    i.TI4_Config                             0x080014b0   Section        0  stm32f10x_tim.o(i.TI4_Config)
    TI4_Config                               0x080014b1   Thumb Code   130  stm32f10x_tim.o(i.TI4_Config)
    i.TIM1_UP_IRQHandler                     0x08001548   Section        0  timer.o(i.TIM1_UP_IRQHandler)
    i.TIM3_IRQHandler                        0x08001574   Section        0  timer.o(i.TIM3_IRQHandler)
    i.TIM_ClearFlag                          0x080015b0   Section        0  stm32f10x_tim.o(i.TIM_ClearFlag)
    i.TIM_ClearITPendingBit                  0x080015b6   Section        0  stm32f10x_tim.o(i.TIM_ClearITPendingBit)
    i.TIM_Cmd                                0x080015bc   Section        0  stm32f10x_tim.o(i.TIM_Cmd)
    i.TIM_EncoderInterfaceConfig             0x080015d4   Section        0  stm32f10x_tim.o(i.TIM_EncoderInterfaceConfig)
    i.TIM_GetCounter                         0x08001616   Section        0  stm32f10x_tim.o(i.TIM_GetCounter)
    i.TIM_GetITStatus                        0x0800161c   Section        0  stm32f10x_tim.o(i.TIM_GetITStatus)
    i.TIM_ICInit                             0x08001640   Section        0  stm32f10x_tim.o(i.TIM_ICInit)
    i.TIM_ICStructInit                       0x080016ec   Section        0  stm32f10x_tim.o(i.TIM_ICStructInit)
    i.TIM_ITConfig                           0x080016fe   Section        0  stm32f10x_tim.o(i.TIM_ITConfig)
    i.TIM_InternalClockConfig                0x08001710   Section        0  stm32f10x_tim.o(i.TIM_InternalClockConfig)
    i.TIM_OC2Init                            0x0800171c   Section        0  stm32f10x_tim.o(i.TIM_OC2Init)
    i.TIM_OC3Init                            0x080017c0   Section        0  stm32f10x_tim.o(i.TIM_OC3Init)
    i.TIM_OCStructInit                       0x08001860   Section        0  stm32f10x_tim.o(i.TIM_OCStructInit)
    i.TIM_SetCompare2                        0x08001874   Section        0  stm32f10x_tim.o(i.TIM_SetCompare2)
    i.TIM_SetCompare3                        0x08001878   Section        0  stm32f10x_tim.o(i.TIM_SetCompare3)
    i.TIM_SetCounter                         0x0800187c   Section        0  stm32f10x_tim.o(i.TIM_SetCounter)
    i.TIM_SetIC1Prescaler                    0x08001880   Section        0  stm32f10x_tim.o(i.TIM_SetIC1Prescaler)
    i.TIM_SetIC2Prescaler                    0x08001892   Section        0  stm32f10x_tim.o(i.TIM_SetIC2Prescaler)
    i.TIM_SetIC3Prescaler                    0x080018ac   Section        0  stm32f10x_tim.o(i.TIM_SetIC3Prescaler)
    i.TIM_SetIC4Prescaler                    0x080018be   Section        0  stm32f10x_tim.o(i.TIM_SetIC4Prescaler)
    i.TIM_TimeBaseInit                       0x080018d8   Section        0  stm32f10x_tim.o(i.TIM_TimeBaseInit)
    i.Timer1_Init                            0x0800197c   Section        0  timer.o(i.Timer1_Init)
    i.Timer2_Init                            0x08001a00   Section        0  timer.o(i.Timer2_Init)
    i.Track_Init                             0x08001a7c   Section        0  track.o(i.Track_Init)
    i.Track_L1                               0x08001ad0   Section        0  track.o(i.Track_L1)
    i.Track_L2                               0x08001aec   Section        0  track.o(i.Track_L2)
    i.Track_M                                0x08001b08   Section        0  track.o(i.Track_M)
    i.Track_R1                               0x08001b24   Section        0  track.o(i.Track_R1)
    i.Track_R2                               0x08001b40   Section        0  track.o(i.Track_R2)
    i.USART1_IRQHandler                      0x08001b5c   Section        0  bluetooth.o(i.USART1_IRQHandler)
    i.USART_ClearITPendingBit                0x08001b90   Section        0  stm32f10x_usart.o(i.USART_ClearITPendingBit)
    i.USART_Cmd                              0x08001bae   Section        0  stm32f10x_usart.o(i.USART_Cmd)
    i.USART_GetFlagStatus                    0x08001bc6   Section        0  stm32f10x_usart.o(i.USART_GetFlagStatus)
    i.USART_ITConfig                         0x08001be0   Section        0  stm32f10x_usart.o(i.USART_ITConfig)
    i.USART_Init                             0x08001c2c   Section        0  stm32f10x_usart.o(i.USART_Init)
    i.USART_ReceiveData                      0x08001d04   Section        0  stm32f10x_usart.o(i.USART_ReceiveData)
    i.USART_SendData                         0x08001d0e   Section        0  stm32f10x_usart.o(i.USART_SendData)
    i.Ultrasound_Init                        0x08001d18   Section        0  ultrasound.o(i.Ultrasound_Init)
    i.Ultrasound_mm                          0x08001d6c   Section        0  ultrasound.o(i.Ultrasound_mm)
    i.UsageFault_Handler                     0x08001de4   Section        0  stm32f10x_it.o(i.UsageFault_Handler)
    i.main                                   0x08001de8   Section        0  main.o(i.main)
    x$fpl$fadd                               0x080031bc   Section      196  faddsub_clz.o(x$fpl$fadd)
    _fadd1                                   0x080031cb   Thumb Code     0  faddsub_clz.o(x$fpl$fadd)
    x$fpl$fcmpinf                            0x08003280   Section       24  fcmpi.o(x$fpl$fcmpinf)
    x$fpl$fdiv                               0x08003298   Section      388  fdiv.o(x$fpl$fdiv)
    _fdiv1                                   0x08003299   Thumb Code     0  fdiv.o(x$fpl$fdiv)
    x$fpl$ffix                               0x0800341c   Section       54  ffix.o(x$fpl$ffix)
    x$fpl$ffixu                              0x08003454   Section       62  ffixu.o(x$fpl$ffixu)
    x$fpl$fflt                               0x08003494   Section       48  fflt_clz.o(x$fpl$fflt)
    x$fpl$fleqf                              0x080034c4   Section      104  fleqf.o(x$fpl$fleqf)
    x$fpl$fmul                               0x0800352c   Section      258  fmul.o(x$fpl$fmul)
    x$fpl$fnaninf                            0x0800362e   Section      140  fnaninf.o(x$fpl$fnaninf)
    x$fpl$fretinf                            0x080036ba   Section       10  fretinf.o(x$fpl$fretinf)
    x$fpl$frleqf                             0x080036c4   Section       98  frleqf.o(x$fpl$frleqf)
    x$fpl$fsub                               0x08003728   Section      234  faddsub_clz.o(x$fpl$fsub)
    _fsub1                                   0x08003737   Thumb Code     0  faddsub_clz.o(x$fpl$fsub)
    .constdata                               0x08003812   Section     1520  oled.o(.constdata)
    x$fpl$usenofp                            0x08003812   Section        0  usenofp.o(x$fpl$usenofp)
    .data                                    0x20000000   Section       20  stm32f10x_rcc.o(.data)
    APBAHBPrescTable                         0x20000000   Data          16  stm32f10x_rcc.o(.data)
    ADCPrescTable                            0x20000010   Data           4  stm32f10x_rcc.o(.data)
    .data                                    0x20000014   Section        8  ultrasound.o(.data)
    .data                                    0x2000001c   Section        8  bluetooth.o(.data)
    .data                                    0x20000024   Section        4  irda.o(.data)
    .data                                    0x20000028   Section       36  main.o(.data)
    .bss                                     0x2000004c   Section       96  libspace.o(.bss)
    HEAP                                     0x200000b0   Section      512  startup_stm32f10x_md.o(HEAP)
    Heap_Mem                                 0x200000b0   Data         512  startup_stm32f10x_md.o(HEAP)
    STACK                                    0x200002b0   Section     1024  startup_stm32f10x_md.o(STACK)
    Stack_Mem                                0x200002b0   Data        1024  startup_stm32f10x_md.o(STACK)
    __initial_sp                             0x200006b0   Data           0  startup_stm32f10x_md.o(STACK)

    Global Symbols

    Symbol Name                              Value     Ov Type        Size  Object(Section)

    BuildAttributes$$THM_ISAv4$P$D$K$B$S$PE$A:L22UL41UL21$X:L11$S22US41US21$IEEE1$IW$USESV6$~STKCKD$USESV7$~SHL$OTIME$ROPI$IEEEJ$EBA8$UX$STANDARDLIB$REQ8$PRES8$EABIv2 0x00000000   Number         0  anon$$obj.o ABSOLUTE
    __ARM_use_no_argv                        0x00000000   Number         0  main.o ABSOLUTE
    _printf_flags                            0x00000000   Number         0  printf_stubs.o ABSOLUTE
    _printf_return_value                     0x00000000   Number         0  printf_stubs.o ABSOLUTE
    _printf_sizespec                         0x00000000   Number         0  printf_stubs.o ABSOLUTE
    _printf_widthprec                        0x00000000   Number         0  printf_stubs.o ABSOLUTE
    __ARM_exceptions_init                     - Undefined Weak Reference
    __alloca_initialize                       - Undefined Weak Reference
    __arm_preinit_                            - Undefined Weak Reference
    __cpp_initialize__aeabi_                  - Undefined Weak Reference
    __cxa_finalize                            - Undefined Weak Reference
    __sigvec_lookup                           - Undefined Weak Reference
    _atexit_init                              - Undefined Weak Reference
    _call_atexit_fns                          - Undefined Weak Reference
    _clock_init                               - Undefined Weak Reference
    _fp_trap_init                             - Undefined Weak Reference
    _fp_trap_shutdown                         - Undefined Weak Reference
    _get_lc_collate                           - Undefined Weak Reference
    _get_lc_monetary                          - Undefined Weak Reference
    _get_lc_time                              - Undefined Weak Reference
    _getenv_init                              - Undefined Weak Reference
    _handle_redirection                       - Undefined Weak Reference
    _init_alloc                               - Undefined Weak Reference
    _init_user_alloc                          - Undefined Weak Reference
    _initio                                   - Undefined Weak Reference
    _printf_mbtowc                            - Undefined Weak Reference
    _printf_wc                                - Undefined Weak Reference
    _rand_init                                - Undefined Weak Reference
    _signal_finish                            - Undefined Weak Reference
    _signal_init                              - Undefined Weak Reference
    _terminate_alloc                          - Undefined Weak Reference
    _terminate_user_alloc                     - Undefined Weak Reference
    _terminateio                              - Undefined Weak Reference
    __Vectors_Size                           0x000000ec   Number         0  startup_stm32f10x_md.o ABSOLUTE
    __Vectors                                0x08000000   Data           4  startup_stm32f10x_md.o(RESET)
    __Vectors_End                            0x080000ec   Data           0  startup_stm32f10x_md.o(RESET)
    __main                                   0x080000ed   Thumb Code     8  __main.o(!!!main)
    __scatterload                            0x080000f5   Thumb Code     0  __scatter.o(!!!scatter)
    __scatterload_rt2                        0x080000f5   Thumb Code    44  __scatter.o(!!!scatter)
    __scatterload_rt2_thumb_only             0x080000f5   Thumb Code     0  __scatter.o(!!!scatter)
    __scatterload_null                       0x08000103   Thumb Code     0  __scatter.o(!!!scatter)
    __scatterload_copy                       0x08000129   Thumb Code    26  __scatter_copy.o(!!handler_copy)
    __scatterload_zeroinit                   0x08000145   Thumb Code    28  __scatter_zi.o(!!handler_zi)
    __rt_lib_init                            0x08000161   Thumb Code     0  libinit.o(.ARM.Collect$$libinit$$00000000)
    __rt_lib_init_alloca_1                   0x08000163   Thumb Code     0  libinit2.o(.ARM.Collect$$libinit$$0000002E)
    __rt_lib_init_argv_1                     0x08000163   Thumb Code     0  libinit2.o(.ARM.Collect$$libinit$$0000002C)
    __rt_lib_init_atexit_1                   0x08000163   Thumb Code     0  libinit2.o(.ARM.Collect$$libinit$$0000001B)
    __rt_lib_init_clock_1                    0x08000163   Thumb Code     0  libinit2.o(.ARM.Collect$$libinit$$00000021)
    __rt_lib_init_cpp_1                      0x08000163   Thumb Code     0  libinit2.o(.ARM.Collect$$libinit$$00000032)
    __rt_lib_init_exceptions_1               0x08000163   Thumb Code     0  libinit2.o(.ARM.Collect$$libinit$$00000030)
    __rt_lib_init_fp_1                       0x08000163   Thumb Code     0  libinit2.o(.ARM.Collect$$libinit$$00000002)
    __rt_lib_init_fp_trap_1                  0x08000163   Thumb Code     0  libinit2.o(.ARM.Collect$$libinit$$0000001F)
    __rt_lib_init_getenv_1                   0x08000163   Thumb Code     0  libinit2.o(.ARM.Collect$$libinit$$00000023)
    __rt_lib_init_heap_1                     0x08000163   Thumb Code     0  libinit2.o(.ARM.Collect$$libinit$$0000000A)
    __rt_lib_init_lc_collate_1               0x08000163   Thumb Code     0  libinit2.o(.ARM.Collect$$libinit$$00000011)
    __rt_lib_init_lc_ctype_1                 0x08000163   Thumb Code     0  libinit2.o(.ARM.Collect$$libinit$$00000013)
    __rt_lib_init_lc_monetary_1              0x08000163   Thumb Code     0  libinit2.o(.ARM.Collect$$libinit$$00000015)
    __rt_lib_init_lc_numeric_1               0x08000163   Thumb Code     0  libinit2.o(.ARM.Collect$$libinit$$00000017)
    __rt_lib_init_lc_time_1                  0x08000163   Thumb Code     0  libinit2.o(.ARM.Collect$$libinit$$00000019)
    __rt_lib_init_preinit_1                  0x08000163   Thumb Code     0  libinit2.o(.ARM.Collect$$libinit$$00000004)
    __rt_lib_init_rand_1                     0x08000163   Thumb Code     0  libinit2.o(.ARM.Collect$$libinit$$0000000E)
    __rt_lib_init_return                     0x08000163   Thumb Code     0  libinit2.o(.ARM.Collect$$libinit$$00000033)
    __rt_lib_init_signal_1                   0x08000163   Thumb Code     0  libinit2.o(.ARM.Collect$$libinit$$0000001D)
    __rt_lib_init_stdio_1                    0x08000163   Thumb Code     0  libinit2.o(.ARM.Collect$$libinit$$00000025)
    __rt_lib_init_user_alloc_1               0x08000163   Thumb Code     0  libinit2.o(.ARM.Collect$$libinit$$0000000C)
    __rt_lib_shutdown                        0x08000165   Thumb Code     0  libshutdown.o(.ARM.Collect$$libshutdown$$00000000)
    __rt_lib_shutdown_cpp_1                  0x08000167   Thumb Code     0  libshutdown2.o(.ARM.Collect$$libshutdown$$00000002)
    __rt_lib_shutdown_fp_trap_1              0x08000167   Thumb Code     0  libshutdown2.o(.ARM.Collect$$libshutdown$$00000007)
    __rt_lib_shutdown_heap_1                 0x08000167   Thumb Code     0  libshutdown2.o(.ARM.Collect$$libshutdown$$0000000F)
    __rt_lib_shutdown_return                 0x08000167   Thumb Code     0  libshutdown2.o(.ARM.Collect$$libshutdown$$00000010)
    __rt_lib_shutdown_signal_1               0x08000167   Thumb Code     0  libshutdown2.o(.ARM.Collect$$libshutdown$$0000000A)
    __rt_lib_shutdown_stdio_1                0x08000167   Thumb Code     0  libshutdown2.o(.ARM.Collect$$libshutdown$$00000004)
    __rt_lib_shutdown_user_alloc_1           0x08000167   Thumb Code     0  libshutdown2.o(.ARM.Collect$$libshutdown$$0000000C)
    __rt_entry                               0x08000169   Thumb Code     0  __rtentry.o(.ARM.Collect$$rtentry$$00000000)
    __rt_entry_presh_1                       0x08000169   Thumb Code     0  __rtentry2.o(.ARM.Collect$$rtentry$$00000002)
    __rt_entry_sh                            0x08000169   Thumb Code     0  __rtentry4.o(.ARM.Collect$$rtentry$$00000004)
    __rt_entry_li                            0x0800016f   Thumb Code     0  __rtentry2.o(.ARM.Collect$$rtentry$$0000000A)
    __rt_entry_postsh_1                      0x0800016f   Thumb Code     0  __rtentry2.o(.ARM.Collect$$rtentry$$00000009)
    __rt_entry_main                          0x08000173   Thumb Code     0  __rtentry2.o(.ARM.Collect$$rtentry$$0000000D)
    __rt_entry_postli_1                      0x08000173   Thumb Code     0  __rtentry2.o(.ARM.Collect$$rtentry$$0000000C)
    __rt_exit                                0x0800017b   Thumb Code     0  rtexit.o(.ARM.Collect$$rtexit$$00000000)
    __rt_exit_ls                             0x0800017d   Thumb Code     0  rtexit2.o(.ARM.Collect$$rtexit$$00000003)
    __rt_exit_prels_1                        0x0800017d   Thumb Code     0  rtexit2.o(.ARM.Collect$$rtexit$$00000002)
    __rt_exit_exit                           0x08000181   Thumb Code     0  rtexit2.o(.ARM.Collect$$rtexit$$00000004)
    Reset_Handler                            0x08000189   Thumb Code     8  startup_stm32f10x_md.o(.text)
    ADC1_2_IRQHandler                        0x080001a3   Thumb Code     0  startup_stm32f10x_md.o(.text)
    CAN1_RX1_IRQHandler                      0x080001a3   Thumb Code     0  startup_stm32f10x_md.o(.text)
    CAN1_SCE_IRQHandler                      0x080001a3   Thumb Code     0  startup_stm32f10x_md.o(.text)
    DMA1_Channel1_IRQHandler                 0x080001a3   Thumb Code     0  startup_stm32f10x_md.o(.text)
    DMA1_Channel2_IRQHandler                 0x080001a3   Thumb Code     0  startup_stm32f10x_md.o(.text)
    DMA1_Channel3_IRQHandler                 0x080001a3   Thumb Code     0  startup_stm32f10x_md.o(.text)
    DMA1_Channel4_IRQHandler                 0x080001a3   Thumb Code     0  startup_stm32f10x_md.o(.text)
    DMA1_Channel5_IRQHandler                 0x080001a3   Thumb Code     0  startup_stm32f10x_md.o(.text)
    DMA1_Channel6_IRQHandler                 0x080001a3   Thumb Code     0  startup_stm32f10x_md.o(.text)
    DMA1_Channel7_IRQHandler                 0x080001a3   Thumb Code     0  startup_stm32f10x_md.o(.text)
    EXTI0_IRQHandler                         0x080001a3   Thumb Code     0  startup_stm32f10x_md.o(.text)
    EXTI15_10_IRQHandler                     0x080001a3   Thumb Code     0  startup_stm32f10x_md.o(.text)
    EXTI1_IRQHandler                         0x080001a3   Thumb Code     0  startup_stm32f10x_md.o(.text)
    EXTI2_IRQHandler                         0x080001a3   Thumb Code     0  startup_stm32f10x_md.o(.text)
    EXTI3_IRQHandler                         0x080001a3   Thumb Code     0  startup_stm32f10x_md.o(.text)
    EXTI4_IRQHandler                         0x080001a3   Thumb Code     0  startup_stm32f10x_md.o(.text)
    EXTI9_5_IRQHandler                       0x080001a3   Thumb Code     0  startup_stm32f10x_md.o(.text)
    FLASH_IRQHandler                         0x080001a3   Thumb Code     0  startup_stm32f10x_md.o(.text)
    I2C1_ER_IRQHandler                       0x080001a3   Thumb Code     0  startup_stm32f10x_md.o(.text)
    I2C1_EV_IRQHandler                       0x080001a3   Thumb Code     0  startup_stm32f10x_md.o(.text)
    I2C2_ER_IRQHandler                       0x080001a3   Thumb Code     0  startup_stm32f10x_md.o(.text)
    I2C2_EV_IRQHandler                       0x080001a3   Thumb Code     0  startup_stm32f10x_md.o(.text)
    PVD_IRQHandler                           0x080001a3   Thumb Code     0  startup_stm32f10x_md.o(.text)
    RCC_IRQHandler                           0x080001a3   Thumb Code     0  startup_stm32f10x_md.o(.text)
    RTCAlarm_IRQHandler                      0x080001a3   Thumb Code     0  startup_stm32f10x_md.o(.text)
    RTC_IRQHandler                           0x080001a3   Thumb Code     0  startup_stm32f10x_md.o(.text)
    SPI1_IRQHandler                          0x080001a3   Thumb Code     0  startup_stm32f10x_md.o(.text)
    SPI2_IRQHandler                          0x080001a3   Thumb Code     0  startup_stm32f10x_md.o(.text)
    TAMPER_IRQHandler                        0x080001a3   Thumb Code     0  startup_stm32f10x_md.o(.text)
    TIM1_BRK_IRQHandler                      0x080001a3   Thumb Code     0  startup_stm32f10x_md.o(.text)
    TIM1_CC_IRQHandler                       0x080001a3   Thumb Code     0  startup_stm32f10x_md.o(.text)
    TIM1_TRG_COM_IRQHandler                  0x080001a3   Thumb Code     0  startup_stm32f10x_md.o(.text)
    TIM2_IRQHandler                          0x080001a3   Thumb Code     0  startup_stm32f10x_md.o(.text)
    TIM4_IRQHandler                          0x080001a3   Thumb Code     0  startup_stm32f10x_md.o(.text)
    USART2_IRQHandler                        0x080001a3   Thumb Code     0  startup_stm32f10x_md.o(.text)
    USART3_IRQHandler                        0x080001a3   Thumb Code     0  startup_stm32f10x_md.o(.text)
    USBWakeUp_IRQHandler                     0x080001a3   Thumb Code     0  startup_stm32f10x_md.o(.text)
    USB_HP_CAN1_TX_IRQHandler                0x080001a3   Thumb Code     0  startup_stm32f10x_md.o(.text)
    USB_LP_CAN1_RX0_IRQHandler               0x080001a3   Thumb Code     0  startup_stm32f10x_md.o(.text)
    WWDG_IRQHandler                          0x080001a3   Thumb Code     0  startup_stm32f10x_md.o(.text)
    __user_initial_stackheap                 0x080001a5   Thumb Code     0  startup_stm32f10x_md.o(.text)
    __aeabi_uldivmod                         0x080001c9   Thumb Code     0  lludivv7m.o(.text)
    _ll_udiv                                 0x080001c9   Thumb Code   238  lludivv7m.o(.text)
    __use_two_region_memory                  0x080002b7   Thumb Code     2  heapauxi.o(.text)
    __rt_heap_escrow$2region                 0x080002b9   Thumb Code     2  heapauxi.o(.text)
    __rt_heap_expand$2region                 0x080002bb   Thumb Code     2  heapauxi.o(.text)
    __user_setup_stackheap                   0x080002bd   Thumb Code    74  sys_stackheap_outer.o(.text)
    exit                                     0x08000307   Thumb Code    18  exit.o(.text)
    __user_libspace                          0x08000319   Thumb Code     8  libspace.o(.text)
    __user_perproc_libspace                  0x08000319   Thumb Code     0  libspace.o(.text)
    __user_perthread_libspace                0x08000319   Thumb Code     0  libspace.o(.text)
    _sys_exit                                0x08000321   Thumb Code     8  sys_exit.o(.text)
    __I$use$semihosting                      0x0800032d   Thumb Code     0  use_no_semi.o(.text)
    __use_no_semihosting_swi                 0x0800032d   Thumb Code     2  use_no_semi.o(.text)
    __semihosting_library_function           0x0800032f   Thumb Code     0  indicate_semi.o(.text)
    B_OFF                                    0x08000331   Thumb Code    12  rgb.o(i.B_OFF)
    B_ON                                     0x08000341   Thumb Code    12  rgb.o(i.B_ON)
    Bluetooth_GetRxFlag                      0x08000351   Thumb Code    22  bluetooth.o(i.Bluetooth_GetRxFlag)
    Bluetooth_Init                           0x0800036d   Thumb Code   174  bluetooth.o(i.Bluetooth_Init)
    Bluetooth_Pow                            0x08000425   Thumb Code    20  bluetooth.o(i.Bluetooth_Pow)
    Bluetooth_ReadRxData                     0x08000439   Thumb Code     6  bluetooth.o(i.Bluetooth_ReadRxData)
    Bluetooth_SendByte                       0x08000445   Thumb Code    28  bluetooth.o(i.Bluetooth_SendByte)
    Bluetooth_SendNumber                     0x08000465   Thumb Code    58  bluetooth.o(i.Bluetooth_SendNumber)
    Bluetooth_SendString                     0x0800049f   Thumb Code    26  bluetooth.o(i.Bluetooth_SendString)
    BusFault_Handler                         0x080004b9   Thumb Code     4  stm32f10x_it.o(i.BusFault_Handler)
    Buzzer_Init                              0x080004bd   Thumb Code    56  buzzer.o(i.Buzzer_Init)
    Buzzer_Level1                            0x080004fd   Thumb Code    36  buzzer.o(i.Buzzer_Level1)
    Buzzer_Level2                            0x08000525   Thumb Code    38  buzzer.o(i.Buzzer_Level2)
    DebugMon_Handler                         0x08000551   Thumb Code     2  stm32f10x_it.o(i.DebugMon_Handler)
    Delay_ms                                 0x08000553   Thumb Code    24  delay.o(i.Delay_ms)
    Delay_us                                 0x0800056b   Thumb Code    46  delay.o(i.Delay_us)
    Encoder_Get                              0x08000599   Thumb Code    22  encoder.o(i.Encoder_Get)
    Encoder_Init                             0x080005b5   Thumb Code   152  encoder.o(i.Encoder_Init)
    GPIO_Init                                0x08000655   Thumb Code   278  stm32f10x_gpio.o(i.GPIO_Init)
    GPIO_PinRemapConfig                      0x0800076d   Thumb Code   138  stm32f10x_gpio.o(i.GPIO_PinRemapConfig)
    GPIO_ReadInputDataBit                    0x080007fd   Thumb Code    18  stm32f10x_gpio.o(i.GPIO_ReadInputDataBit)
    GPIO_ResetBits                           0x0800080f   Thumb Code     4  stm32f10x_gpio.o(i.GPIO_ResetBits)
    GPIO_SetBits                             0x08000813   Thumb Code     4  stm32f10x_gpio.o(i.GPIO_SetBits)
    GPIO_WriteBit                            0x08000817   Thumb Code    10  stm32f10x_gpio.o(i.GPIO_WriteBit)
    G_OFF                                    0x08000821   Thumb Code    14  rgb.o(i.G_OFF)
    G_ON                                     0x08000835   Thumb Code    14  rgb.o(i.G_ON)
    HardFault_Handler                        0x08000849   Thumb Code     4  stm32f10x_it.o(i.HardFault_Handler)
    IrDA_Init                                0x0800084d   Thumb Code    46  irda.o(i.IrDA_Init)
    IrDA_L_Getvalue                          0x08000885   Thumb Code    26  irda.o(i.IrDA_L_Getvalue)
    IrDA_R_Getvalue                          0x080008a9   Thumb Code    26  irda.o(i.IrDA_R_Getvalue)
    Key_GetNum                               0x080008cd   Thumb Code   136  key.o(i.Key_GetNum)
    Key_Init                                 0x0800095d   Thumb Code    74  key.o(i.Key_Init)
    MemManage_Handler                        0x080009b1   Thumb Code     4  stm32f10x_it.o(i.MemManage_Handler)
    Motor_Init                               0x080009b5   Thumb Code    38  motor.o(i.Motor_Init)
    Motor_SetSpeed                           0x080009e1   Thumb Code    58  motor.o(i.Motor_SetSpeed)
    NMI_Handler                              0x08000a21   Thumb Code     2  stm32f10x_it.o(i.NMI_Handler)
    NVIC_Init                                0x08000a25   Thumb Code   100  misc.o(i.NVIC_Init)
    NVIC_PriorityGroupConfig                 0x08000a95   Thumb Code    10  misc.o(i.NVIC_PriorityGroupConfig)
    Numlen                                   0x08000aa9   Thumb Code    54  main.o(i.Numlen)
    OLED_Clear                               0x08000adf   Thumb Code    42  oled.o(i.OLED_Clear)
    OLED_Clear_Part                          0x08000b09   Thumb Code    98  oled.o(i.OLED_Clear_Part)
    OLED_I2C_Init                            0x08000b6d   Thumb Code    76  oled.o(i.OLED_I2C_Init)
    OLED_I2C_SendByte                        0x08000bbd   Thumb Code    80  oled.o(i.OLED_I2C_SendByte)
    OLED_I2C_Start                           0x08000c11   Thumb Code    48  oled.o(i.OLED_I2C_Start)
    OLED_I2C_Stop                            0x08000c45   Thumb Code    36  oled.o(i.OLED_I2C_Stop)
    OLED_Init                                0x08000c6d   Thumb Code   174  oled.o(i.OLED_Init)
    OLED_Pow                                 0x08000d1b   Thumb Code    20  oled.o(i.OLED_Pow)
    OLED_SetCursor                           0x08000d2f   Thumb Code    34  oled.o(i.OLED_SetCursor)
    OLED_ShowChar                            0x08000d51   Thumb Code   110  oled.o(i.OLED_ShowChar)
    OLED_ShowNum                             0x08000dc5   Thumb Code    68  oled.o(i.OLED_ShowNum)
    OLED_ShowString                          0x08000e09   Thumb Code    40  oled.o(i.OLED_ShowString)
    OLED_WriteCommand                        0x08000e31   Thumb Code    32  oled.o(i.OLED_WriteCommand)
    OLED_WriteData                           0x08000e51   Thumb Code    32  oled.o(i.OLED_WriteData)
    PWM1_Init                                0x08000e71   Thumb Code   164  pwm.o(i.PWM1_Init)
    PWM2_Init                                0x08000f19   Thumb Code   138  pwm.o(i.PWM2_Init)
    PWM_SetCompare_M                         0x08000fad   Thumb Code    14  pwm.o(i.PWM_SetCompare_M)
    PWM_SetCompare_S                         0x08000fc1   Thumb Code    16  pwm.o(i.PWM_SetCompare_S)
    PendSV_Handler                           0x08000fd1   Thumb Code     2  stm32f10x_it.o(i.PendSV_Handler)
    RCC_APB1PeriphClockCmd                   0x08000fd5   Thumb Code    26  stm32f10x_rcc.o(i.RCC_APB1PeriphClockCmd)
    RCC_APB2PeriphClockCmd                   0x08000ff5   Thumb Code    26  stm32f10x_rcc.o(i.RCC_APB2PeriphClockCmd)
    RCC_GetClocksFreq                        0x08001015   Thumb Code   192  stm32f10x_rcc.o(i.RCC_GetClocksFreq)
    RGB_Init                                 0x080010e9   Thumb Code    92  rgb.o(i.RGB_Init)
    R_OFF                                    0x0800114d   Thumb Code    14  rgb.o(i.R_OFF)
    R_ON                                     0x08001161   Thumb Code    14  rgb.o(i.R_ON)
    SVC_Handler                              0x08001175   Thumb Code     2  stm32f10x_it.o(i.SVC_Handler)
    Servo_Init                               0x08001177   Thumb Code     8  servo.o(i.Servo_Init)
    Servo_SetAngle                           0x08001181   Thumb Code    48  servo.o(i.Servo_SetAngle)
    SysTick_Handler                          0x080012a5   Thumb Code     2  stm32f10x_it.o(i.SysTick_Handler)
    SystemInit                               0x080012a9   Thumb Code    78  system_stm32f10x.o(i.SystemInit)
    TIM1_UP_IRQHandler                       0x08001549   Thumb Code    34  timer.o(i.TIM1_UP_IRQHandler)
    TIM3_IRQHandler                          0x08001575   Thumb Code    46  timer.o(i.TIM3_IRQHandler)
    TIM_ClearFlag                            0x080015b1   Thumb Code     6  stm32f10x_tim.o(i.TIM_ClearFlag)
    TIM_ClearITPendingBit                    0x080015b7   Thumb Code     6  stm32f10x_tim.o(i.TIM_ClearITPendingBit)
    TIM_Cmd                                  0x080015bd   Thumb Code    24  stm32f10x_tim.o(i.TIM_Cmd)
    TIM_EncoderInterfaceConfig               0x080015d5   Thumb Code    66  stm32f10x_tim.o(i.TIM_EncoderInterfaceConfig)
    TIM_GetCounter                           0x08001617   Thumb Code     6  stm32f10x_tim.o(i.TIM_GetCounter)
    TIM_GetITStatus                          0x0800161d   Thumb Code    34  stm32f10x_tim.o(i.TIM_GetITStatus)
    TIM_ICInit                               0x08001641   Thumb Code   150  stm32f10x_tim.o(i.TIM_ICInit)
    TIM_ICStructInit                         0x080016ed   Thumb Code    18  stm32f10x_tim.o(i.TIM_ICStructInit)
    TIM_ITConfig                             0x080016ff   Thumb Code    18  stm32f10x_tim.o(i.TIM_ITConfig)
    TIM_InternalClockConfig                  0x08001711   Thumb Code    12  stm32f10x_tim.o(i.TIM_InternalClockConfig)
    TIM_OC2Init                              0x0800171d   Thumb Code   154  stm32f10x_tim.o(i.TIM_OC2Init)
    TIM_OC3Init                              0x080017c1   Thumb Code   150  stm32f10x_tim.o(i.TIM_OC3Init)
    TIM_OCStructInit                         0x08001861   Thumb Code    20  stm32f10x_tim.o(i.TIM_OCStructInit)
    TIM_SetCompare2                          0x08001875   Thumb Code     4  stm32f10x_tim.o(i.TIM_SetCompare2)
    TIM_SetCompare3                          0x08001879   Thumb Code     4  stm32f10x_tim.o(i.TIM_SetCompare3)
    TIM_SetCounter                           0x0800187d   Thumb Code     4  stm32f10x_tim.o(i.TIM_SetCounter)
    TIM_SetIC1Prescaler                      0x08001881   Thumb Code    18  stm32f10x_tim.o(i.TIM_SetIC1Prescaler)
    TIM_SetIC2Prescaler                      0x08001893   Thumb Code    26  stm32f10x_tim.o(i.TIM_SetIC2Prescaler)
    TIM_SetIC3Prescaler                      0x080018ad   Thumb Code    18  stm32f10x_tim.o(i.TIM_SetIC3Prescaler)
    TIM_SetIC4Prescaler                      0x080018bf   Thumb Code    26  stm32f10x_tim.o(i.TIM_SetIC4Prescaler)
    TIM_TimeBaseInit                         0x080018d9   Thumb Code   122  stm32f10x_tim.o(i.TIM_TimeBaseInit)
    Timer1_Init                              0x0800197d   Thumb Code   122  timer.o(i.Timer1_Init)
    Timer2_Init                              0x08001a01   Thumb Code   120  timer.o(i.Timer2_Init)
    Track_Init                               0x08001a7d   Thumb Code    76  track.o(i.Track_Init)
    Track_L1                                 0x08001ad1   Thumb Code    22  track.o(i.Track_L1)
    Track_L2                                 0x08001aed   Thumb Code    22  track.o(i.Track_L2)
    Track_M                                  0x08001b09   Thumb Code    22  track.o(i.Track_M)
    Track_R1                                 0x08001b25   Thumb Code    22  track.o(i.Track_R1)
    Track_R2                                 0x08001b41   Thumb Code    22  track.o(i.Track_R2)
    USART1_IRQHandler                        0x08001b5d   Thumb Code    40  bluetooth.o(i.USART1_IRQHandler)
    USART_ClearITPendingBit                  0x08001b91   Thumb Code    30  stm32f10x_usart.o(i.USART_ClearITPendingBit)
    USART_Cmd                                0x08001baf   Thumb Code    24  stm32f10x_usart.o(i.USART_Cmd)
    USART_GetFlagStatus                      0x08001bc7   Thumb Code    26  stm32f10x_usart.o(i.USART_GetFlagStatus)
    USART_ITConfig                           0x08001be1   Thumb Code    74  stm32f10x_usart.o(i.USART_ITConfig)
    USART_Init                               0x08001c2d   Thumb Code   210  stm32f10x_usart.o(i.USART_Init)
    USART_ReceiveData                        0x08001d05   Thumb Code    10  stm32f10x_usart.o(i.USART_ReceiveData)
    USART_SendData                           0x08001d0f   Thumb Code     8  stm32f10x_usart.o(i.USART_SendData)
    Ultrasound_Init                          0x08001d19   Thumb Code    78  ultrasound.o(i.Ultrasound_Init)
    Ultrasound_mm                            0x08001d6d   Thumb Code   106  ultrasound.o(i.Ultrasound_mm)
    UsageFault_Handler                       0x08001de5   Thumb Code     4  stm32f10x_it.o(i.UsageFault_Handler)
    main                                     0x08001de9   Thumb Code  5052  main.o(i.main)
    __aeabi_fadd                             0x080031bd   Thumb Code     0  faddsub_clz.o(x$fpl$fadd)
    _fadd                                    0x080031bd   Thumb Code   196  faddsub_clz.o(x$fpl$fadd)
    __fpl_fcmp_Inf                           0x08003281   Thumb Code    24  fcmpi.o(x$fpl$fcmpinf)
    __aeabi_fdiv                             0x08003299   Thumb Code     0  fdiv.o(x$fpl$fdiv)
    _fdiv                                    0x08003299   Thumb Code   384  fdiv.o(x$fpl$fdiv)
    __aeabi_f2iz                             0x0800341d   Thumb Code     0  ffix.o(x$fpl$ffix)
    _ffix                                    0x0800341d   Thumb Code    54  ffix.o(x$fpl$ffix)
    __aeabi_f2uiz                            0x08003455   Thumb Code     0  ffixu.o(x$fpl$ffixu)
    _ffixu                                   0x08003455   Thumb Code    62  ffixu.o(x$fpl$ffixu)
    __aeabi_i2f                              0x08003495   Thumb Code     0  fflt_clz.o(x$fpl$fflt)
    _fflt                                    0x08003495   Thumb Code    48  fflt_clz.o(x$fpl$fflt)
    __aeabi_cfcmple                          0x080034c5   Thumb Code     0  fleqf.o(x$fpl$fleqf)
    _fcmple                                  0x080034c5   Thumb Code   104  fleqf.o(x$fpl$fleqf)
    __fpl_fcmple_InfNaN                      0x08003517   Thumb Code     0  fleqf.o(x$fpl$fleqf)
    __aeabi_fmul                             0x0800352d   Thumb Code     0  fmul.o(x$fpl$fmul)
    _fmul                                    0x0800352d   Thumb Code   258  fmul.o(x$fpl$fmul)
    __fpl_fnaninf                            0x0800362f   Thumb Code   140  fnaninf.o(x$fpl$fnaninf)
    __fpl_fretinf                            0x080036bb   Thumb Code    10  fretinf.o(x$fpl$fretinf)
    __aeabi_cfrcmple                         0x080036c5   Thumb Code     0  frleqf.o(x$fpl$frleqf)
    _frcmple                                 0x080036c5   Thumb Code    98  frleqf.o(x$fpl$frleqf)
    __aeabi_fsub                             0x08003729   Thumb Code     0  faddsub_clz.o(x$fpl$fsub)
    _fsub                                    0x08003729   Thumb Code   234  faddsub_clz.o(x$fpl$fsub)
    OLED_F8x16                               0x08003812   Data        1520  oled.o(.constdata)
    __I$use$fp                               0x08003812   Number         0  usenofp.o(x$fpl$usenofp)
    Region$$Table$$Base                      0x08003e04   Number         0  anon$$obj.o(Region$$Table)
    Region$$Table$$Limit                     0x08003e24   Number         0  anon$$obj.o(Region$$Table)
    Time                                     0x20000014   Data           4  ultrasound.o(.data)
    Time_end                                 0x20000018   Data           4  ultrasound.o(.data)
    Bluetooth_RxData                         0x2000001c   Data           4  bluetooth.o(.data)
    Bluetooth_RxFlag                         0x20000020   Data           4  bluetooth.o(.data)
    Ir_Blocked                               0x20000024   Data           2  irda.o(.data)
    Ir_Free                                  0x20000026   Data           2  irda.o(.data)
    KeyNum                                   0x20000028   Data           1  main.o(.data)
    State                                    0x20000029   Data           1  main.o(.data)
    RxData                                   0x2000002c   Data           4  main.o(.data)
    Angle                                    0x20000030   Data           4  main.o(.data)
    Distance                                 0x20000034   Data           4  main.o(.data)
    Distance_mm                              0x20000038   Data           2  main.o(.data)
    Distance_cm                              0x2000003a   Data           2  main.o(.data)
    Distance_cm_p                            0x2000003c   Data           2  main.o(.data)
    Distance_m                               0x2000003e   Data           2  main.o(.data)
    Distance_m_p                             0x20000040   Data           2  main.o(.data)
    Speed                                    0x20000044   Data           4  main.o(.data)
    Distance_L_mm                            0x20000048   Data           2  main.o(.data)
    Distance_R_mm                            0x2000004a   Data           2  main.o(.data)
    __libspace_start                         0x2000004c   Data          96  libspace.o(.bss)
    __temporary_stack_top$libspace           0x200000ac   Data           0  libspace.o(.bss)



==============================================================================

Memory Map of the image

  Image Entry point : 0x080000ed

  Load Region LR_IROM1 (Base: 0x08000000, Size: 0x00003e70, Max: 0x00010000, ABSOLUTE)

    Execution Region ER_IROM1 (Exec base: 0x08000000, Load base: 0x08000000, Size: 0x00003e24, Max: 0x00010000, ABSOLUTE)

    Exec Addr    Load Addr    Size         Type   Attr      Idx    E Section Name        Object

    0x08000000   0x08000000   0x000000ec   Data   RO            3    RESET               startup_stm32f10x_md.o
    0x080000ec   0x080000ec   0x00000008   Code   RO         3866  * !!!main             c_w.l(__main.o)
    0x080000f4   0x080000f4   0x00000034   Code   RO         4233    !!!scatter          c_w.l(__scatter.o)
    0x08000128   0x08000128   0x0000001a   Code   RO         4235    !!handler_copy      c_w.l(__scatter_copy.o)
    0x08000142   0x08000142   0x00000002   PAD
    0x08000144   0x08000144   0x0000001c   Code   RO         4237    !!handler_zi        c_w.l(__scatter_zi.o)
    0x08000160   0x08000160   0x00000002   Code   RO         4094    .ARM.Collect$$libinit$$00000000  c_w.l(libinit.o)
    0x08000162   0x08000162   0x00000000   Code   RO         4116    .ARM.Collect$$libinit$$00000002  c_w.l(libinit2.o)
    0x08000162   0x08000162   0x00000000   Code   RO         4118    .ARM.Collect$$libinit$$00000004  c_w.l(libinit2.o)
    0x08000162   0x08000162   0x00000000   Code   RO         4121    .ARM.Collect$$libinit$$0000000A  c_w.l(libinit2.o)
    0x08000162   0x08000162   0x00000000   Code   RO         4123    .ARM.Collect$$libinit$$0000000C  c_w.l(libinit2.o)
    0x08000162   0x08000162   0x00000000   Code   RO         4125    .ARM.Collect$$libinit$$0000000E  c_w.l(libinit2.o)
    0x08000162   0x08000162   0x00000000   Code   RO         4128    .ARM.Collect$$libinit$$00000011  c_w.l(libinit2.o)
    0x08000162   0x08000162   0x00000000   Code   RO         4130    .ARM.Collect$$libinit$$00000013  c_w.l(libinit2.o)
    0x08000162   0x08000162   0x00000000   Code   RO         4132    .ARM.Collect$$libinit$$00000015  c_w.l(libinit2.o)
    0x08000162   0x08000162   0x00000000   Code   RO         4134    .ARM.Collect$$libinit$$00000017  c_w.l(libinit2.o)
    0x08000162   0x08000162   0x00000000   Code   RO         4136    .ARM.Collect$$libinit$$00000019  c_w.l(libinit2.o)
    0x08000162   0x08000162   0x00000000   Code   RO         4138    .ARM.Collect$$libinit$$0000001B  c_w.l(libinit2.o)
    0x08000162   0x08000162   0x00000000   Code   RO         4140    .ARM.Collect$$libinit$$0000001D  c_w.l(libinit2.o)
    0x08000162   0x08000162   0x00000000   Code   RO         4142    .ARM.Collect$$libinit$$0000001F  c_w.l(libinit2.o)
    0x08000162   0x08000162   0x00000000   Code   RO         4144    .ARM.Collect$$libinit$$00000021  c_w.l(libinit2.o)
    0x08000162   0x08000162   0x00000000   Code   RO         4146    .ARM.Collect$$libinit$$00000023  c_w.l(libinit2.o)
    0x08000162   0x08000162   0x00000000   Code   RO         4148    .ARM.Collect$$libinit$$00000025  c_w.l(libinit2.o)
    0x08000162   0x08000162   0x00000000   Code   RO         4152    .ARM.Collect$$libinit$$0000002C  c_w.l(libinit2.o)
    0x08000162   0x08000162   0x00000000   Code   RO         4154    .ARM.Collect$$libinit$$0000002E  c_w.l(libinit2.o)
    0x08000162   0x08000162   0x00000000   Code   RO         4156    .ARM.Collect$$libinit$$00000030  c_w.l(libinit2.o)
    0x08000162   0x08000162   0x00000000   Code   RO         4158    .ARM.Collect$$libinit$$00000032  c_w.l(libinit2.o)
    0x08000162   0x08000162   0x00000002   Code   RO         4159    .ARM.Collect$$libinit$$00000033  c_w.l(libinit2.o)
    0x08000164   0x08000164   0x00000002   Code   RO         4190    .ARM.Collect$$libshutdown$$00000000  c_w.l(libshutdown.o)
    0x08000166   0x08000166   0x00000000   Code   RO         4216    .ARM.Collect$$libshutdown$$00000002  c_w.l(libshutdown2.o)
    0x08000166   0x08000166   0x00000000   Code   RO         4218    .ARM.Collect$$libshutdown$$00000004  c_w.l(libshutdown2.o)
    0x08000166   0x08000166   0x00000000   Code   RO         4221    .ARM.Collect$$libshutdown$$00000007  c_w.l(libshutdown2.o)
    0x08000166   0x08000166   0x00000000   Code   RO         4224    .ARM.Collect$$libshutdown$$0000000A  c_w.l(libshutdown2.o)
    0x08000166   0x08000166   0x00000000   Code   RO         4226    .ARM.Collect$$libshutdown$$0000000C  c_w.l(libshutdown2.o)
    0x08000166   0x08000166   0x00000000   Code   RO         4229    .ARM.Collect$$libshutdown$$0000000F  c_w.l(libshutdown2.o)
    0x08000166   0x08000166   0x00000002   Code   RO         4230    .ARM.Collect$$libshutdown$$00000010  c_w.l(libshutdown2.o)
    0x08000168   0x08000168   0x00000000   Code   RO         3898    .ARM.Collect$$rtentry$$00000000  c_w.l(__rtentry.o)
    0x08000168   0x08000168   0x00000000   Code   RO         4010    .ARM.Collect$$rtentry$$00000002  c_w.l(__rtentry2.o)
    0x08000168   0x08000168   0x00000006   Code   RO         4022    .ARM.Collect$$rtentry$$00000004  c_w.l(__rtentry4.o)
    0x0800016e   0x0800016e   0x00000000   Code   RO         4012    .ARM.Collect$$rtentry$$00000009  c_w.l(__rtentry2.o)
    0x0800016e   0x0800016e   0x00000004   Code   RO         4013    .ARM.Collect$$rtentry$$0000000A  c_w.l(__rtentry2.o)
    0x08000172   0x08000172   0x00000000   Code   RO         4015    .ARM.Collect$$rtentry$$0000000C  c_w.l(__rtentry2.o)
    0x08000172   0x08000172   0x00000008   Code   RO         4016    .ARM.Collect$$rtentry$$0000000D  c_w.l(__rtentry2.o)
    0x0800017a   0x0800017a   0x00000002   Code   RO         4102    .ARM.Collect$$rtexit$$00000000  c_w.l(rtexit.o)
    0x0800017c   0x0800017c   0x00000000   Code   RO         4163    .ARM.Collect$$rtexit$$00000002  c_w.l(rtexit2.o)
    0x0800017c   0x0800017c   0x00000004   Code   RO         4164    .ARM.Collect$$rtexit$$00000003  c_w.l(rtexit2.o)
    0x08000180   0x08000180   0x00000006   Code   RO         4165    .ARM.Collect$$rtexit$$00000004  c_w.l(rtexit2.o)
    0x08000186   0x08000186   0x00000002   PAD
    0x08000188   0x08000188   0x00000040   Code   RO            4    .text               startup_stm32f10x_md.o
    0x080001c8   0x080001c8   0x000000ee   Code   RO         3860    .text               c_w.l(lludivv7m.o)
    0x080002b6   0x080002b6   0x00000006   Code   RO         3864    .text               c_w.l(heapauxi.o)
    0x080002bc   0x080002bc   0x0000004a   Code   RO         4044    .text               c_w.l(sys_stackheap_outer.o)
    0x08000306   0x08000306   0x00000012   Code   RO         4083    .text               c_w.l(exit.o)
    0x08000318   0x08000318   0x00000008   Code   RO         4099    .text               c_w.l(libspace.o)
    0x08000320   0x08000320   0x0000000c   Code   RO         4160    .text               c_w.l(sys_exit.o)
    0x0800032c   0x0800032c   0x00000002   Code   RO         4179    .text               c_w.l(use_no_semi.o)
    0x0800032e   0x0800032e   0x00000000   Code   RO         4181    .text               c_w.l(indicate_semi.o)
    0x0800032e   0x0800032e   0x00000002   PAD
    0x08000330   0x08000330   0x00000010   Code   RO         3500    i.B_OFF             rgb.o
    0x08000340   0x08000340   0x00000010   Code   RO         3501    i.B_ON              rgb.o
    0x08000350   0x08000350   0x0000001c   Code   RO         3608    i.Bluetooth_GetRxFlag  bluetooth.o
    0x0800036c   0x0800036c   0x000000b8   Code   RO         3609    i.Bluetooth_Init    bluetooth.o
    0x08000424   0x08000424   0x00000014   Code   RO         3610    i.Bluetooth_Pow     bluetooth.o
    0x08000438   0x08000438   0x0000000c   Code   RO         3612    i.Bluetooth_ReadRxData  bluetooth.o
    0x08000444   0x08000444   0x00000020   Code   RO         3614    i.Bluetooth_SendByte  bluetooth.o
    0x08000464   0x08000464   0x0000003a   Code   RO         3615    i.Bluetooth_SendNumber  bluetooth.o
    0x0800049e   0x0800049e   0x0000001a   Code   RO         3616    i.Bluetooth_SendString  bluetooth.o
    0x080004b8   0x080004b8   0x00000004   Code   RO         3795    i.BusFault_Handler  stm32f10x_it.o
    0x080004bc   0x080004bc   0x00000040   Code   RO         3548    i.Buzzer_Init       buzzer.o
    0x080004fc   0x080004fc   0x00000028   Code   RO         3549    i.Buzzer_Level1     buzzer.o
    0x08000524   0x08000524   0x0000002c   Code   RO         3550    i.Buzzer_Level2     buzzer.o
    0x08000550   0x08000550   0x00000002   Code   RO         3796    i.DebugMon_Handler  stm32f10x_it.o
    0x08000552   0x08000552   0x00000018   Code   RO         3196    i.Delay_ms          delay.o
    0x0800056a   0x0800056a   0x0000002e   Code   RO         3198    i.Delay_us          delay.o
    0x08000598   0x08000598   0x0000001c   Code   RO         3717    i.Encoder_Get       encoder.o
    0x080005b4   0x080005b4   0x000000a0   Code   RO         3718    i.Encoder_Init      encoder.o
    0x08000654   0x08000654   0x00000116   Code   RO         1347    i.GPIO_Init         stm32f10x_gpio.o
    0x0800076a   0x0800076a   0x00000002   PAD
    0x0800076c   0x0800076c   0x00000090   Code   RO         1349    i.GPIO_PinRemapConfig  stm32f10x_gpio.o
    0x080007fc   0x080007fc   0x00000012   Code   RO         1351    i.GPIO_ReadInputDataBit  stm32f10x_gpio.o
    0x0800080e   0x0800080e   0x00000004   Code   RO         1354    i.GPIO_ResetBits    stm32f10x_gpio.o
    0x08000812   0x08000812   0x00000004   Code   RO         1355    i.GPIO_SetBits      stm32f10x_gpio.o
    0x08000816   0x08000816   0x0000000a   Code   RO         1358    i.GPIO_WriteBit     stm32f10x_gpio.o
    0x08000820   0x08000820   0x00000014   Code   RO         3502    i.G_OFF             rgb.o
    0x08000834   0x08000834   0x00000014   Code   RO         3503    i.G_ON              rgb.o
    0x08000848   0x08000848   0x00000004   Code   RO         3797    i.HardFault_Handler  stm32f10x_it.o
    0x0800084c   0x0800084c   0x00000038   Code   RO         3690    i.IrDA_Init         irda.o
    0x08000884   0x08000884   0x00000024   Code   RO         3691    i.IrDA_L_Getvalue   irda.o
    0x080008a8   0x080008a8   0x00000024   Code   RO         3692    i.IrDA_R_Getvalue   irda.o
    0x080008cc   0x080008cc   0x00000090   Code   RO         3254    i.Key_GetNum        key.o
    0x0800095c   0x0800095c   0x00000054   Code   RO         3255    i.Key_Init          key.o
    0x080009b0   0x080009b0   0x00000004   Code   RO         3798    i.MemManage_Handler  stm32f10x_it.o
    0x080009b4   0x080009b4   0x0000002c   Code   RO         3440    i.Motor_Init        motor.o
    0x080009e0   0x080009e0   0x00000040   Code   RO         3441    i.Motor_SetSpeed    motor.o
    0x08000a20   0x08000a20   0x00000002   Code   RO         3799    i.NMI_Handler       stm32f10x_it.o
    0x08000a22   0x08000a22   0x00000002   PAD
    0x08000a24   0x08000a24   0x00000070   Code   RO          137    i.NVIC_Init         misc.o
    0x08000a94   0x08000a94   0x00000014   Code   RO          138    i.NVIC_PriorityGroupConfig  misc.o
    0x08000aa8   0x08000aa8   0x00000036   Code   RO         3736    i.Numlen            main.o
    0x08000ade   0x08000ade   0x0000002a   Code   RO         3275    i.OLED_Clear        oled.o
    0x08000b08   0x08000b08   0x00000062   Code   RO         3276    i.OLED_Clear_Part   oled.o
    0x08000b6a   0x08000b6a   0x00000002   PAD
    0x08000b6c   0x08000b6c   0x00000050   Code   RO         3277    i.OLED_I2C_Init     oled.o
    0x08000bbc   0x08000bbc   0x00000054   Code   RO         3278    i.OLED_I2C_SendByte  oled.o
    0x08000c10   0x08000c10   0x00000034   Code   RO         3279    i.OLED_I2C_Start    oled.o
    0x08000c44   0x08000c44   0x00000028   Code   RO         3280    i.OLED_I2C_Stop     oled.o
    0x08000c6c   0x08000c6c   0x000000ae   Code   RO         3281    i.OLED_Init         oled.o
    0x08000d1a   0x08000d1a   0x00000014   Code   RO         3282    i.OLED_Pow          oled.o
    0x08000d2e   0x08000d2e   0x00000022   Code   RO         3283    i.OLED_SetCursor    oled.o
    0x08000d50   0x08000d50   0x00000074   Code   RO         3285    i.OLED_ShowChar     oled.o
    0x08000dc4   0x08000dc4   0x00000044   Code   RO         3287    i.OLED_ShowNum      oled.o
    0x08000e08   0x08000e08   0x00000028   Code   RO         3289    i.OLED_ShowString   oled.o
    0x08000e30   0x08000e30   0x00000020   Code   RO         3290    i.OLED_WriteCommand  oled.o
    0x08000e50   0x08000e50   0x00000020   Code   RO         3291    i.OLED_WriteData    oled.o
    0x08000e70   0x08000e70   0x000000a8   Code   RO         3389    i.PWM1_Init         pwm.o
    0x08000f18   0x08000f18   0x00000094   Code   RO         3390    i.PWM2_Init         pwm.o
    0x08000fac   0x08000fac   0x00000014   Code   RO         3391    i.PWM_SetCompare_M  pwm.o
    0x08000fc0   0x08000fc0   0x00000010   Code   RO         3392    i.PWM_SetCompare_S  pwm.o
    0x08000fd0   0x08000fd0   0x00000002   Code   RO         3800    i.PendSV_Handler    stm32f10x_it.o
    0x08000fd2   0x08000fd2   0x00000002   PAD
    0x08000fd4   0x08000fd4   0x00000020   Code   RO         1775    i.RCC_APB1PeriphClockCmd  stm32f10x_rcc.o
    0x08000ff4   0x08000ff4   0x00000020   Code   RO         1777    i.RCC_APB2PeriphClockCmd  stm32f10x_rcc.o
    0x08001014   0x08001014   0x000000d4   Code   RO         1785    i.RCC_GetClocksFreq  stm32f10x_rcc.o
    0x080010e8   0x080010e8   0x00000064   Code   RO         3504    i.RGB_Init          rgb.o
    0x0800114c   0x0800114c   0x00000014   Code   RO         3505    i.R_OFF             rgb.o
    0x08001160   0x08001160   0x00000014   Code   RO         3506    i.R_ON              rgb.o
    0x08001174   0x08001174   0x00000002   Code   RO         3801    i.SVC_Handler       stm32f10x_it.o
    0x08001176   0x08001176   0x00000008   Code   RO         3419    i.Servo_Init        servo.o
    0x0800117e   0x0800117e   0x00000002   PAD
    0x08001180   0x08001180   0x0000003c   Code   RO         3420    i.Servo_SetAngle    servo.o
    0x080011bc   0x080011bc   0x00000008   Code   RO           24    i.SetSysClock       system_stm32f10x.o
    0x080011c4   0x080011c4   0x000000e0   Code   RO           25    i.SetSysClockTo72   system_stm32f10x.o
    0x080012a4   0x080012a4   0x00000002   Code   RO         3802    i.SysTick_Handler   stm32f10x_it.o
    0x080012a6   0x080012a6   0x00000002   PAD
    0x080012a8   0x080012a8   0x00000060   Code   RO           27    i.SystemInit        system_stm32f10x.o
    0x08001308   0x08001308   0x00000080   Code   RO         2405    i.TI1_Config        stm32f10x_tim.o
    0x08001388   0x08001388   0x00000098   Code   RO         2406    i.TI2_Config        stm32f10x_tim.o
    0x08001420   0x08001420   0x00000090   Code   RO         2407    i.TI3_Config        stm32f10x_tim.o
    0x080014b0   0x080014b0   0x00000098   Code   RO         2408    i.TI4_Config        stm32f10x_tim.o
    0x08001548   0x08001548   0x0000002c   Code   RO         3220    i.TIM1_UP_IRQHandler  timer.o
    0x08001574   0x08001574   0x0000003c   Code   RO         3221    i.TIM3_IRQHandler   timer.o
    0x080015b0   0x080015b0   0x00000006   Code   RO         2415    i.TIM_ClearFlag     stm32f10x_tim.o
    0x080015b6   0x080015b6   0x00000006   Code   RO         2416    i.TIM_ClearITPendingBit  stm32f10x_tim.o
    0x080015bc   0x080015bc   0x00000018   Code   RO         2421    i.TIM_Cmd           stm32f10x_tim.o
    0x080015d4   0x080015d4   0x00000042   Code   RO         2430    i.TIM_EncoderInterfaceConfig  stm32f10x_tim.o
    0x08001616   0x08001616   0x00000006   Code   RO         2440    i.TIM_GetCounter    stm32f10x_tim.o
    0x0800161c   0x0800161c   0x00000022   Code   RO         2442    i.TIM_GetITStatus   stm32f10x_tim.o
    0x0800163e   0x0800163e   0x00000002   PAD
    0x08001640   0x08001640   0x000000ac   Code   RO         2444    i.TIM_ICInit        stm32f10x_tim.o
    0x080016ec   0x080016ec   0x00000012   Code   RO         2445    i.TIM_ICStructInit  stm32f10x_tim.o
    0x080016fe   0x080016fe   0x00000012   Code   RO         2446    i.TIM_ITConfig      stm32f10x_tim.o
    0x08001710   0x08001710   0x0000000c   Code   RO         2448    i.TIM_InternalClockConfig  stm32f10x_tim.o
    0x0800171c   0x0800171c   0x000000a4   Code   RO         2455    i.TIM_OC2Init       stm32f10x_tim.o
    0x080017c0   0x080017c0   0x000000a0   Code   RO         2460    i.TIM_OC3Init       stm32f10x_tim.o
    0x08001860   0x08001860   0x00000014   Code   RO         2468    i.TIM_OCStructInit  stm32f10x_tim.o
    0x08001874   0x08001874   0x00000004   Code   RO         2483    i.TIM_SetCompare2   stm32f10x_tim.o
    0x08001878   0x08001878   0x00000004   Code   RO         2484    i.TIM_SetCompare3   stm32f10x_tim.o
    0x0800187c   0x0800187c   0x00000004   Code   RO         2486    i.TIM_SetCounter    stm32f10x_tim.o
    0x08001880   0x08001880   0x00000012   Code   RO         2487    i.TIM_SetIC1Prescaler  stm32f10x_tim.o
    0x08001892   0x08001892   0x0000001a   Code   RO         2488    i.TIM_SetIC2Prescaler  stm32f10x_tim.o
    0x080018ac   0x080018ac   0x00000012   Code   RO         2489    i.TIM_SetIC3Prescaler  stm32f10x_tim.o
    0x080018be   0x080018be   0x0000001a   Code   RO         2490    i.TIM_SetIC4Prescaler  stm32f10x_tim.o
    0x080018d8   0x080018d8   0x000000a4   Code   RO         2492    i.TIM_TimeBaseInit  stm32f10x_tim.o
    0x0800197c   0x0800197c   0x00000084   Code   RO         3222    i.Timer1_Init       timer.o
    0x08001a00   0x08001a00   0x0000007c   Code   RO         3223    i.Timer2_Init       timer.o
    0x08001a7c   0x08001a7c   0x00000054   Code   RO         3458    i.Track_Init        track.o
    0x08001ad0   0x08001ad0   0x0000001c   Code   RO         3459    i.Track_L1          track.o
    0x08001aec   0x08001aec   0x0000001c   Code   RO         3460    i.Track_L2          track.o
    0x08001b08   0x08001b08   0x0000001c   Code   RO         3461    i.Track_M           track.o
    0x08001b24   0x08001b24   0x0000001c   Code   RO         3462    i.Track_R1          track.o
    0x08001b40   0x08001b40   0x0000001c   Code   RO         3463    i.Track_R2          track.o
    0x08001b5c   0x08001b5c   0x00000034   Code   RO         3617    i.USART1_IRQHandler  bluetooth.o
    0x08001b90   0x08001b90   0x0000001e   Code   RO         2957    i.USART_ClearITPendingBit  stm32f10x_usart.o
    0x08001bae   0x08001bae   0x00000018   Code   RO         2960    i.USART_Cmd         stm32f10x_usart.o
    0x08001bc6   0x08001bc6   0x0000001a   Code   RO         2963    i.USART_GetFlagStatus  stm32f10x_usart.o
    0x08001be0   0x08001be0   0x0000004a   Code   RO         2966    i.USART_ITConfig    stm32f10x_usart.o
    0x08001c2a   0x08001c2a   0x00000002   PAD
    0x08001c2c   0x08001c2c   0x000000d8   Code   RO         2967    i.USART_Init        stm32f10x_usart.o
    0x08001d04   0x08001d04   0x0000000a   Code   RO         2974    i.USART_ReceiveData  stm32f10x_usart.o
    0x08001d0e   0x08001d0e   0x00000008   Code   RO         2977    i.USART_SendData    stm32f10x_usart.o
    0x08001d16   0x08001d16   0x00000002   PAD
    0x08001d18   0x08001d18   0x00000054   Code   RO         3578    i.Ultrasound_Init   ultrasound.o
    0x08001d6c   0x08001d6c   0x00000078   Code   RO         3580    i.Ultrasound_mm     ultrasound.o
    0x08001de4   0x08001de4   0x00000004   Code   RO         3803    i.UsageFault_Handler  stm32f10x_it.o
    0x08001de8   0x08001de8   0x000013d4   Code   RO         3737    i.main              main.o
    0x080031bc   0x080031bc   0x000000c4   Code   RO         3868    x$fpl$fadd          fz_ws.l(faddsub_clz.o)
    0x08003280   0x08003280   0x00000018   Code   RO         3994    x$fpl$fcmpinf       fz_ws.l(fcmpi.o)
    0x08003298   0x08003298   0x00000184   Code   RO         3875    x$fpl$fdiv          fz_ws.l(fdiv.o)
    0x0800341c   0x0800341c   0x00000036   Code   RO         3878    x$fpl$ffix          fz_ws.l(ffix.o)
    0x08003452   0x08003452   0x00000002   PAD
    0x08003454   0x08003454   0x0000003e   Code   RO         3882    x$fpl$ffixu         fz_ws.l(ffixu.o)
    0x08003492   0x08003492   0x00000002   PAD
    0x08003494   0x08003494   0x00000030   Code   RO         3887    x$fpl$fflt          fz_ws.l(fflt_clz.o)
    0x080034c4   0x080034c4   0x00000068   Code   RO         3892    x$fpl$fleqf         fz_ws.l(fleqf.o)
    0x0800352c   0x0800352c   0x00000102   Code   RO         3894    x$fpl$fmul          fz_ws.l(fmul.o)
    0x0800362e   0x0800362e   0x0000008c   Code   RO         3996    x$fpl$fnaninf       fz_ws.l(fnaninf.o)
    0x080036ba   0x080036ba   0x0000000a   Code   RO         3998    x$fpl$fretinf       fz_ws.l(fretinf.o)
    0x080036c4   0x080036c4   0x00000062   Code   RO         3896    x$fpl$frleqf        fz_ws.l(frleqf.o)
    0x08003726   0x08003726   0x00000002   PAD
    0x08003728   0x08003728   0x000000ea   Code   RO         3870    x$fpl$fsub          fz_ws.l(faddsub_clz.o)
    0x08003812   0x08003812   0x00000000   Code   RO         4008    x$fpl$usenofp       fz_ws.l(usenofp.o)
    0x08003812   0x08003812   0x000005f0   Data   RO         3292    .constdata          oled.o
    0x08003e02   0x08003e02   0x00000002   PAD
    0x08003e04   0x08003e04   0x00000020   Data   RO         4231    Region$$Table       anon$$obj.o


    Execution Region RW_IRAM1 (Exec base: 0x20000000, Load base: 0x08003e24, Size: 0x000006b0, Max: 0x00005000, ABSOLUTE)

    Exec Addr    Load Addr    Size         Type   Attr      Idx    E Section Name        Object

    0x20000000   0x08003e24   0x00000014   Data   RW         1805    .data               stm32f10x_rcc.o
    0x20000014   0x08003e38   0x00000008   Data   RW         3581    .data               ultrasound.o
    0x2000001c   0x08003e40   0x00000008   Data   RW         3619    .data               bluetooth.o
    0x20000024   0x08003e48   0x00000004   Data   RW         3693    .data               irda.o
    0x20000028   0x08003e4c   0x00000024   Data   RW         3738    .data               main.o
    0x2000004c        -       0x00000060   Zero   RW         4100    .bss                c_w.l(libspace.o)
    0x200000ac   0x08003e70   0x00000004   PAD
    0x200000b0        -       0x00000200   Zero   RW            2    HEAP                startup_stm32f10x_md.o
    0x200002b0        -       0x00000400   Zero   RW            1    STACK               startup_stm32f10x_md.o


==============================================================================

Image component sizes


      Code (inc. data)   RO Data    RW Data    ZI Data      Debug   Object Name

       412         38          0          8          0       4721   bluetooth.o
       148         18          0          0          0       1430   buzzer.o
         0          0          0          0          0       4492   core_cm3.o
        70          0          0          0          0        962   delay.o
       188         14          0          0          0       1145   encoder.o
       128         30          0          4          0       1769   irda.o
       228         18          0          0          0       1056   key.o
      5130        448          0         36          0       3981   main.o
       132         22          0          0          0     204827   misc.o
       108         12          0          0          0       1018   motor.o
       912         22       1520          0          0       8515   oled.o
       352         20          0          0          0       2298   pwm.o
       212         40          0          0          0       3072   rgb.o
        68         12          0          0          0        958   servo.o
        64         26        236          0       1536        832   startup_stm32f10x_md.o
         0          0          0          0          0       1676   stm32f10x_adc.o
       458          6          0          0          0      13270   stm32f10x_gpio.o
        26          0          0          0          0       3890   stm32f10x_it.o
       276         32          0         20          0      13070   stm32f10x_rcc.o
      1546        170          0          0          0      35826   stm32f10x_tim.o
       388          6          0          0          0      11911   stm32f10x_usart.o
       328         28          0          0          0      45353   system_stm32f10x.o
       360         38          0          0          0       2083   timer.o
       224         38          0          0          0       2959   track.o
       204         20          0          8          0       1386   ultrasound.o

    ----------------------------------------------------------------------
     11980       1058       1790         76       1536     372500   Object Totals
         0          0         32          0          0          0   (incl. Generated)
        18          0          2          0          0          0   (incl. Padding)

    ----------------------------------------------------------------------

      Code (inc. data)   RO Data    RW Data    ZI Data      Debug   Library Member Name

         8          0          0          0          0         68   __main.o
         0          0          0          0          0          0   __rtentry.o
        12          0          0          0          0          0   __rtentry2.o
         6          0          0          0          0          0   __rtentry4.o
        52          8          0          0          0          0   __scatter.o
        26          0          0          0          0          0   __scatter_copy.o
        28          0          0          0          0          0   __scatter_zi.o
        18          0          0          0          0         80   exit.o
         6          0          0          0          0        152   heapauxi.o
         0          0          0          0          0          0   indicate_semi.o
         2          0          0          0          0          0   libinit.o
         2          0          0          0          0          0   libinit2.o
         2          0          0          0          0          0   libshutdown.o
         2          0          0          0          0          0   libshutdown2.o
         8          4          0          0         96         68   libspace.o
       238          0          0          0          0        100   lludivv7m.o
         2          0          0          0          0          0   rtexit.o
        10          0          0          0          0          0   rtexit2.o
        12          4          0          0          0         68   sys_exit.o
        74          0          0          0          0         80   sys_stackheap_outer.o
         2          0          0          0          0         68   use_no_semi.o
       430          8          0          0          0        168   faddsub_clz.o
        24          0          0          0          0         68   fcmpi.o
       388         76          0          0          0         96   fdiv.o
        54          4          0          0          0         84   ffix.o
        62          4          0          0          0         84   ffixu.o
        48          0          0          0          0         68   fflt_clz.o
       104          4          0          0          0         84   fleqf.o
       258          4          0          0          0         84   fmul.o
       140          4          0          0          0         84   fnaninf.o
        10          0          0          0          0         68   fretinf.o
        98          0          0          0          0         68   frleqf.o
         0          0          0          0          0          0   usenofp.o

    ----------------------------------------------------------------------
      2138        120          0          0        100       1640   Library Totals
        12          0          0          0          4          0   (incl. Padding)

    ----------------------------------------------------------------------

      Code (inc. data)   RO Data    RW Data    ZI Data      Debug   Library Name

       510         16          0          0         96        684   c_w.l
      1616        104          0          0          0        956   fz_ws.l

    ----------------------------------------------------------------------
      2138        120          0          0        100       1640   Library Totals

    ----------------------------------------------------------------------

==============================================================================


      Code (inc. data)   RO Data    RW Data    ZI Data      Debug   

     14118       1178       1790         76       1636     367428   Grand Totals
     14118       1178       1790         76       1636     367428   ELF Image Totals
     14118       1178       1790         76          0          0   ROM Totals

==============================================================================

    Total RO  Size (Code + RO Data)                15908 (  15.54kB)
    Total RW  Size (RW Data + ZI Data)              1712 (   1.67kB)
    Total ROM Size (Code + RO Data + RW Data)      15984 (  15.61kB)

==============================================================================

